{"observed": "2025-08-28T17:18:38.000Z", "gateways": "ou/8MG/Xi7gPZ2J6ehC1fyX/dLky+yz3yztqy724ExU=", "temperature": 71.51, "humidity": 62.57, "dewpoint": 58.06, "vpd": 0.98, "altitude": 0, "sensor_id": "455894.5632779415058732"}
{"observed": "2025-08-28T17:18:26.000Z", "gateways": "", "temperature": 71.49, "humidity": 62.57, "dewpoint": 58.06, "vpd": 0.98, "altitude": 0, "sensor_id": "455894.5632779415058732"}
{"observed": "2025-08-28T17:17:56.000Z", "gateways": "ou/8MG/Xi7gPZ2J6ehC1fyX/dLky+yz3yztqy724ExU=", "temperature": 71.49, "humidity": 62.57, "dewpoint": 58.06, "vpd": 0.98, "altitude": 0, "sensor_id": "455894.5632779415058732"}
{"observed": "2025-08-28T17:17:26.000Z", "gateways": "", "temperature": 71.49, "humidity": 62.51, "dewpoint": 58.02, "vpd": 0.98, "altitude": 0, "sensor_id": "455894.5632779415058732"}
{"observed": "2025-08-28T17:15:26.000Z", "gateways": "", "temperature": 71.47, "humidity": 62.51, "dewpoint": 58.02, "vpd": 0.98, "altitude": 0, "sensor_id": "455894.5632779415058732"}
{"observed": "2025-08-28T17:13:26.000Z", "gateways": "", "temperature": 71.45, "humidity": 62.51, "dewpoint": 58.02, "vpd": 0.98, "altitude": 0, "sensor_id": "455894.5632779415058732"}
{"observed": "2025-08-28T17:12:26.000Z", "gateways": "", "temperature": 71.44, "humidity": 62.51, "dewpoint": 57.92, "vpd": 0.98, "altitude": 0, "sensor_id": "455894.5632779415058732"}
{"observed": "2025-08-28T17:19:50.000Z", "gateways": "ou/8MG/Xi7gPZ2J6ehC1fyX/dLky+yz3yztqy724ExU=", "temperature": 73.21, "humidity": 61.14, "dewpoint": 58.99, "vpd": 1.08, "altitude": 0, "sensor_id": "457328.3276496711475517"}
{"observed": "2025-08-28T17:18:44.000Z", "gateways": "ou/8MG/Xi7gPZ2J6ehC1fyX/dLky+yz3yztqy724ExU=", "temperature": 73.23, "humidity": 61.08, "dewpoint": 58.99, "vpd": 1.08, "altitude": 0, "sensor_id": "457328.3276496711475517"}
{"observed": "2025-08-28T17:17:50.000Z", "gateways": "ou/8MG/Xi7gPZ2J6ehC1fyX/dLky+yz3yztqy724ExU=", "temperature": 73.23, "humidity": 61.05, "dewpoint": 58.99, "vpd": 1.08, "altitude": 0, "sensor_id": "457328.3276496711475517"}
{"observed": "2025-08-28T17:16:49.000Z", "gateways": "ou/8MG/Xi7gPZ2J6ehC1fyX/dLky+yz3yztqy724ExU=", "temperature": 73.23, "humidity": 61.02, "dewpoint": 58.94, "vpd": 1.08, "altitude": 0, "sensor_id": "457328.3276496711475517"}
{"observed": "2025-08-28T17:16:25.000Z", "gateways": "", "temperature": 73.23, "humidity": 60.68, "dewpoint": 58.8, "vpd": 1.09, "altitude": 0, "sensor_id": "457328.3276496711475517"}
{"observed": "2025-08-28T17:15:46.000Z", "gateways": "ou/8MG/Xi7gPZ2J6ehC1fyX/dLky+yz3yztqy724ExU=", "temperature": 73.23, "humidity": 60.93, "dewpoint": 58.9, "vpd": 1.08, "altitude": 0, "sensor_id": "457328.3276496711475517"}
{"observed": "2025-08-28T17:15:25.000Z", "gateways": "", "temperature": 73.25, "humidity": 60.86, "dewpoint": 58.99, "vpd": 1.09, "altitude": 0, "sensor_id": "457328.3276496711475517"}
{"observed": "2025-08-28T17:14:25.000Z", "gateways": "", "temperature": 73.25, "humidity": 60.8, "dewpoint": 58.94, "vpd": 1.09, "altitude": 0, "sensor_id": "457328.3276496711475517"}
{"observed": "2025-08-28T17:13:25.000Z", "gateways": "", "temperature": 73.23, "humidity": 60.62, "dewpoint": 58.76, "vpd": 1.09, "altitude": 0, "sensor_id": "457328.3276496711475517"}
{"observed": "2025-08-28T17:12:25.000Z", "gateways": "", "temperature": 73.23, "humidity": 60.31, "dewpoint": 58.62, "vpd": 1.1, "altitude": 0, "sensor_id": "457328.3276496711475517"}
{"observed": "2025-08-28T17:10:25.000Z", "gateways": "", "temperature": 73.23, "humidity": 60.44, "dewpoint": 58.66, "vpd": 1.1, "altitude": 0, "sensor_id": "457328.3276496711475517"}
{"observed": "2025-08-28T17:20:06.000Z", "gateways": "ou/8MG/Xi7gPZ2J6ehC1fyX/dLky+yz3yztqy724ExU=", "temperature": 72.9, "humidity": 65.01, "dewpoint": 60.44, "vpd": 0.96, "altitude": 0, "sensor_id": "500449.7751399281124497"}
{"observed": "2025-08-28T17:19:07.000Z", "gateways": "ou/8MG/Xi7gPZ2J6ehC1fyX/dLky+yz3yztqy724ExU=", "temperature": 72.88, "humidity": 65.01, "dewpoint": 60.44, "vpd": 0.96, "altitude": 0, "sensor_id": "500449.7751399281124497"}
{"observed": "2025-08-28T17:18:06.000Z", "gateways": "ou/8MG/Xi7gPZ2J6ehC1fyX/dLky+yz3yztqy724ExU=", "temperature": 72.88, "humidity": 65.04, "dewpoint": 60.44, "vpd": 0.96, "altitude": 0, "sensor_id": "500449.7751399281124497"}
{"observed": "2025-08-28T17:17:07.000Z", "gateways": "ou/8MG/Xi7gPZ2J6ehC1fyX/dLky+yz3yztqy724ExU=", "temperature": 72.86, "humidity": 65.08, "dewpoint": 60.48, "vpd": 0.96, "altitude": 0, "sensor_id": "500449.7751399281124497"}
{"observed": "2025-08-28T17:16:10.000Z", "gateways": "ou/8MG/Xi7gPZ2J6ehC1fyX/dLky+yz3yztqy724ExU=", "temperature": 72.84, "humidity": 65.11, "dewpoint": 60.39, "vpd": 0.96, "altitude": 0, "sensor_id": "500449.7751399281124497"}
{"observed": "2025-08-28T17:15:10.000Z", "gateways": "ou/8MG/Xi7gPZ2J6ehC1fyX/dLky+yz3yztqy724ExU=", "temperature": 72.83, "humidity": 65.11, "dewpoint": 60.39, "vpd": 0.96, "altitude": 0, "sensor_id": "500449.7751399281124497"}
{"observed": "2025-08-28T17:14:15.000Z", "gateways": "ou/8MG/Xi7gPZ2J6ehC1fyX/dLky+yz3yztqy724ExU=", "temperature": 72.81, "humidity": 65.17, "dewpoint": 60.43, "vpd": 0.95, "altitude": 0, "sensor_id": "500449.7751399281124497"}
{"observed": "2025-08-28T17:13:15.000Z", "gateways": "", "temperature": 72.75, "humidity": 65.2, "dewpoint": 60.43, "vpd": 0.95, "altitude": 0, "sensor_id": "500449.7751399281124497"}
{"observed": "2025-08-28T17:13:07.000Z", "gateways": "ou/8MG/Xi7gPZ2J6ehC1fyX/dLky+yz3yztqy724ExU=", "temperature": 72.77, "humidity": 65.2, "dewpoint": 60.43, "vpd": 0.95, "altitude": 0, "sensor_id": "500449.7751399281124497"}
{"observed": "2025-08-28T17:12:52.000Z", "gateways": "ou/8MG/Xi7gPZ2J6ehC1fyX/dLky+yz3yztqy724ExU=", "temperature": 72.75, "humidity": 65.2, "dewpoint": 60.43, "vpd": 0.95, "altitude": 0, "sensor_id": "500449.7751399281124497"}
{"observed": "2025-08-28T17:12:15.000Z", "gateways": "", "temperature": 72.73, "humidity": 65.26, "dewpoint": 60.38, "vpd": 0.95, "altitude": 0, "sensor_id": "500449.7751399281124497"}
{"observed": "2025-08-28T17:11:15.000Z", "gateways": "", "temperature": 72.71, "humidity": 65.26, "dewpoint": 60.38, "vpd": 0.95, "altitude": 0, "sensor_id": "500449.7751399281124497"}
{"observed": "2025-08-28T17:10:15.000Z", "gateways": "", "temperature": 72.67, "humidity": 65.29, "dewpoint": 60.38, "vpd": 0.95, "altitude": 0, "sensor_id": "500449.7751399281124497"}
{"observed": "2025-08-28T17:20:39.000Z", "gateways": "ou/8MG/Xi7gPZ2J6ehC1fyX/dLky+yz3yztqy724ExU=", "temperature": 71.53, "humidity": 62.57, "dewpoint": 58.06, "vpd": 0.98, "altitude": 0, "sensor_id": "455894.5632779415058732"}
{"observed": "2025-08-28T17:18:38.000Z", "gateways": "ou/8MG/Xi7gPZ2J6ehC1fyX/dLky+yz3yztqy724ExU=", "temperature": 71.51, "humidity": 62.57, "dewpoint": 58.06, "vpd": 0.98, "altitude": 0, "sensor_id": "455894.5632779415058732"}
{"observed": "2025-08-28T17:18:26.000Z", "gateways": "", "temperature": 71.49, "humidity": 62.57, "dewpoint": 58.06, "vpd": 0.98, "altitude": 0, "sensor_id": "455894.5632779415058732"}
{"observed": "2025-08-28T17:17:56.000Z", "gateways": "ou/8MG/Xi7gPZ2J6ehC1fyX/dLky+yz3yztqy724ExU=", "temperature": 71.49, "humidity": 62.57, "dewpoint": 58.06, "vpd": 0.98, "altitude": 0, "sensor_id": "455894.5632779415058732"}
{"observed": "2025-08-28T17:17:26.000Z", "gateways": "", "temperature": 71.49, "humidity": 62.51, "dewpoint": 58.02, "vpd": 0.98, "altitude": 0, "sensor_id": "455894.5632779415058732"}
{"observed": "2025-08-28T17:15:26.000Z", "gateways": "", "temperature": 71.47, "humidity": 62.51, "dewpoint": 58.02, "vpd": 0.98, "altitude": 0, "sensor_id": "455894.5632779415058732"}
{"observed": "2025-08-28T17:13:26.000Z", "gateways": "", "temperature": 71.45, "humidity": 62.51, "dewpoint": 58.02, "vpd": 0.98, "altitude": 0, "sensor_id": "455894.5632779415058732"}
{"observed": "2025-08-28T17:12:26.000Z", "gateways": "", "temperature": 71.44, "humidity": 62.51, "dewpoint": 57.92, "vpd": 0.98, "altitude": 0, "sensor_id": "455894.5632779415058732"}
{"observed": "2025-08-28T17:21:44.000Z", "gateways": "ou/8MG/Xi7gPZ2J6ehC1fyX/dLky+yz3yztqy724ExU=", "temperature": 73.21, "humidity": 61.02, "dewpoint": 58.94, "vpd": 1.08, "altitude": 0, "sensor_id": "457328.3276496711475517"}
{"observed": "2025-08-28T17:19:50.000Z", "gateways": "ou/8MG/Xi7gPZ2J6ehC1fyX/dLky+yz3yztqy724ExU=", "temperature": 73.21, "humidity": 61.14, "dewpoint": 58.99, "vpd": 1.08, "altitude": 0, "sensor_id": "457328.3276496711475517"}
{"observed": "2025-08-28T17:18:44.000Z", "gateways": "ou/8MG/Xi7gPZ2J6ehC1fyX/dLky+yz3yztqy724ExU=", "temperature": 73.23, "humidity": 61.08, "dewpoint": 58.99, "vpd": 1.08, "altitude": 0, "sensor_id": "457328.3276496711475517"}
{"observed": "2025-08-28T17:17:50.000Z", "gateways": "ou/8MG/Xi7gPZ2J6ehC1fyX/dLky+yz3yztqy724ExU=", "temperature": 73.23, "humidity": 61.05, "dewpoint": 58.99, "vpd": 1.08, "altitude": 0, "sensor_id": "457328.3276496711475517"}
{"observed": "2025-08-28T17:16:49.000Z", "gateways": "ou/8MG/Xi7gPZ2J6ehC1fyX/dLky+yz3yztqy724ExU=", "temperature": 73.23, "humidity": 61.02, "dewpoint": 58.94, "vpd": 1.08, "altitude": 0, "sensor_id": "457328.3276496711475517"}
{"observed": "2025-08-28T17:16:25.000Z", "gateways": "", "temperature": 73.23, "humidity": 60.68, "dewpoint": 58.8, "vpd": 1.09, "altitude": 0, "sensor_id": "457328.3276496711475517"}
{"observed": "2025-08-28T17:15:46.000Z", "gateways": "ou/8MG/Xi7gPZ2J6ehC1fyX/dLky+yz3yztqy724ExU=", "temperature": 73.23, "humidity": 60.93, "dewpoint": 58.9, "vpd": 1.08, "altitude": 0, "sensor_id": "457328.3276496711475517"}
{"observed": "2025-08-28T17:15:25.000Z", "gateways": "", "temperature": 73.25, "humidity": 60.86, "dewpoint": 58.99, "vpd": 1.09, "altitude": 0, "sensor_id": "457328.3276496711475517"}
{"observed": "2025-08-28T17:14:25.000Z", "gateways": "", "temperature": 73.25, "humidity": 60.8, "dewpoint": 58.94, "vpd": 1.09, "altitude": 0, "sensor_id": "457328.3276496711475517"}
{"observed": "2025-08-28T17:13:25.000Z", "gateways": "", "temperature": 73.23, "humidity": 60.62, "dewpoint": 58.76, "vpd": 1.09, "altitude": 0, "sensor_id": "457328.3276496711475517"}
{"observed": "2025-08-28T17:12:25.000Z", "gateways": "", "temperature": 73.23, "humidity": 60.31, "dewpoint": 58.62, "vpd": 1.1, "altitude": 0, "sensor_id": "457328.3276496711475517"}
{"observed": "2025-08-28T17:21:08.000Z", "gateways": "ou/8MG/Xi7gPZ2J6ehC1fyX/dLky+yz3yztqy724ExU=", "temperature": 72.92, "humidity": 64.98, "dewpoint": 60.44, "vpd": 0.96, "altitude": 0, "sensor_id": "500449.7751399281124497"}
{"observed": "2025-08-28T17:20:06.000Z", "gateways": "ou/8MG/Xi7gPZ2J6ehC1fyX/dLky+yz3yztqy724ExU=", "temperature": 72.9, "humidity": 65.01, "dewpoint": 60.44, "vpd": 0.96, "altitude": 0, "sensor_id": "500449.7751399281124497"}
{"observed": "2025-08-28T17:19:07.000Z", "gateways": "ou/8MG/Xi7gPZ2J6ehC1fyX/dLky+yz3yztqy724ExU=", "temperature": 72.88, "humidity": 65.01, "dewpoint": 60.44, "vpd": 0.96, "altitude": 0, "sensor_id": "500449.7751399281124497"}
{"observed": "2025-08-28T17:18:06.000Z", "gateways": "ou/8MG/Xi7gPZ2J6ehC1fyX/dLky+yz3yztqy724ExU=", "temperature": 72.88, "humidity": 65.04, "dewpoint": 60.44, "vpd": 0.96, "altitude": 0, "sensor_id": "500449.7751399281124497"}
{"observed": "2025-08-28T17:17:07.000Z", "gateways": "ou/8MG/Xi7gPZ2J6ehC1fyX/dLky+yz3yztqy724ExU=", "temperature": 72.86, "humidity": 65.08, "dewpoint": 60.48, "vpd": 0.96, "altitude": 0, "sensor_id": "500449.7751399281124497"}
{"observed": "2025-08-28T17:16:10.000Z", "gateways": "ou/8MG/Xi7gPZ2J6ehC1fyX/dLky+yz3yztqy724ExU=", "temperature": 72.84, "humidity": 65.11, "dewpoint": 60.39, "vpd": 0.96, "altitude": 0, "sensor_id": "500449.7751399281124497"}
{"observed": "2025-08-28T17:15:10.000Z", "gateways": "ou/8MG/Xi7gPZ2J6ehC1fyX/dLky+yz3yztqy724ExU=", "temperature": 72.83, "humidity": 65.11, "dewpoint": 60.39, "vpd": 0.96, "altitude": 0, "sensor_id": "500449.7751399281124497"}
{"observed": "2025-08-28T17:14:15.000Z", "gateways": "ou/8MG/Xi7gPZ2J6ehC1fyX/dLky+yz3yztqy724ExU=", "temperature": 72.81, "humidity": 65.17, "dewpoint": 60.43, "vpd": 0.95, "altitude": 0, "sensor_id": "500449.7751399281124497"}
{"observed": "2025-08-28T17:13:15.000Z", "gateways": "", "temperature": 72.75, "humidity": 65.2, "dewpoint": 60.43, "vpd": 0.95, "altitude": 0, "sensor_id": "500449.7751399281124497"}
{"observed": "2025-08-28T17:13:07.000Z", "gateways": "ou/8MG/Xi7gPZ2J6ehC1fyX/dLky+yz3yztqy724ExU=", "temperature": 72.77, "humidity": 65.2, "dewpoint": 60.43, "vpd": 0.95, "altitude": 0, "sensor_id": "500449.7751399281124497"}
{"observed": "2025-08-28T17:12:52.000Z", "gateways": "ou/8MG/Xi7gPZ2J6ehC1fyX/dLky+yz3yztqy724ExU=", "temperature": 72.75, "humidity": 65.2, "dewpoint": 60.43, "vpd": 0.95, "altitude": 0, "sensor_id": "500449.7751399281124497"}
{"observed": "2025-08-28T17:12:15.000Z", "gateways": "", "temperature": 72.73, "humidity": 65.26, "dewpoint": 60.38, "vpd": 0.95, "altitude": 0, "sensor_id": "500449.7751399281124497"}
{"observed": "2025-08-28T17:25:39.000Z", "gateways": "ou/8MG/Xi7gPZ2J6ehC1fyX/dLky+yz3yztqy724ExU=", "temperature": 71.57, "humidity": 62.63, "dewpoint": 58.16, "vpd": 0.98, "altitude": 0, "sensor_id": "455894.5632779415058732"}
{"observed": "2025-08-28T17:24:38.000Z", "gateways": "ou/8MG/Xi7gPZ2J6ehC1fyX/dLky+yz3yztqy724ExU=", "temperature": 71.55, "humidity": 62.63, "dewpoint": 58.16, "vpd": 0.98, "altitude": 0, "sensor_id": "455894.5632779415058732"}
{"observed": "2025-08-28T17:23:39.000Z", "gateways": "ou/8MG/Xi7gPZ2J6ehC1fyX/dLky+yz3yztqy724ExU=", "temperature": 71.55, "humidity": 62.6, "dewpoint": 58.16, "vpd": 0.98, "altitude": 0, "sensor_id": "455894.5632779415058732"}
{"observed": "2025-08-28T17:22:40.000Z", "gateways": "ou/8MG/Xi7gPZ2J6ehC1fyX/dLky+yz3yztqy724ExU=", "temperature": 71.53, "humidity": 62.57, "dewpoint": 58.06, "vpd": 0.98, "altitude": 0, "sensor_id": "455894.5632779415058732"}
{"observed": "2025-08-28T17:20:39.000Z", "gateways": "ou/8MG/Xi7gPZ2J6ehC1fyX/dLky+yz3yztqy724ExU=", "temperature": 71.53, "humidity": 62.57, "dewpoint": 58.06, "vpd": 0.98, "altitude": 0, "sensor_id": "455894.5632779415058732"}
{"observed": "2025-08-28T17:18:38.000Z", "gateways": "ou/8MG/Xi7gPZ2J6ehC1fyX/dLky+yz3yztqy724ExU=", "temperature": 71.51, "humidity": 62.57, "dewpoint": 58.06, "vpd": 0.98, "altitude": 0, "sensor_id": "455894.5632779415058732"}
{"observed": "2025-08-28T17:18:26.000Z", "gateways": "", "temperature": 71.49, "humidity": 62.57, "dewpoint": 58.06, "vpd": 0.98, "altitude": 0, "sensor_id": "455894.5632779415058732"}
{"observed": "2025-08-28T17:17:56.000Z", "gateways": "ou/8MG/Xi7gPZ2J6ehC1fyX/dLky+yz3yztqy724ExU=", "temperature": 71.49, "humidity": 62.57, "dewpoint": 58.06, "vpd": 0.98, "altitude": 0, "sensor_id": "455894.5632779415058732"}
{"observed": "2025-08-28T17:17:26.000Z", "gateways": "", "temperature": 71.49, "humidity": 62.51, "dewpoint": 58.02, "vpd": 0.98, "altitude": 0, "sensor_id": "455894.5632779415058732"}
{"observed": "2025-08-28T17:26:32.000Z", "gateways": "ou/8MG/Xi7gPZ2J6ehC1fyX/dLky+yz3yztqy724ExU=", "temperature": 71.74, "humidity": 64.95, "dewpoint": 59.3, "vpd": 0.92, "altitude": 0, "sensor_id": "456982.6540911326193624"}
{"observed": "2025-08-28T17:26:09.000Z", "gateways": "", "temperature": 71.73, "humidity": 64.95, "dewpoint": 59.3, "vpd": 0.92, "altitude": 0, "sensor_id": "456982.6540911326193624"}
{"observed": "2025-08-28T17:25:09.000Z", "gateways": "", "temperature": 71.71, "humidity": 64.92, "dewpoint": 59.26, "vpd": 0.93, "altitude": 0, "sensor_id": "456982.6540911326193624"}
{"observed": "2025-08-28T17:24:09.000Z", "gateways": "", "temperature": 71.71, "humidity": 64.98, "dewpoint": 59.3, "vpd": 0.92, "altitude": 0, "sensor_id": "456982.6540911326193624"}
{"observed": "2025-08-28T17:22:09.000Z", "gateways": "", "temperature": 71.69, "humidity": 64.98, "dewpoint": 59.3, "vpd": 0.92, "altitude": 0, "sensor_id": "456982.6540911326193624"}
{"observed": "2025-08-28T17:21:09.000Z", "gateways": "", "temperature": 71.67, "humidity": 64.98, "dewpoint": 59.3, "vpd": 0.92, "altitude": 0, "sensor_id": "456982.6540911326193624"}
{"observed": "2025-08-28T17:20:09.000Z", "gateways": "", "temperature": 71.67, "humidity": 64.95, "dewpoint": 59.3, "vpd": 0.92, "altitude": 0, "sensor_id": "456982.6540911326193624"}
{"observed": "2025-08-28T17:19:09.000Z", "gateways": "", "temperature": 71.65, "humidity": 64.95, "dewpoint": 59.3, "vpd": 0.92, "altitude": 0, "sensor_id": "456982.6540911326193624"}
{"observed": "2025-08-28T17:18:09.000Z", "gateways": "", "temperature": 71.65, "humidity": 65.01, "dewpoint": 59.3, "vpd": 0.92, "altitude": 0, "sensor_id": "456982.6540911326193624"}
{"observed": "2025-08-28T17:17:09.000Z", "gateways": "", "temperature": 71.63, "humidity": 65.01, "dewpoint": 59.21, "vpd": 0.92, "altitude": 0, "sensor_id": "456982.6540911326193624"}
{"observed": "2025-08-28T18:39:31.000Z", "gateways": "ou/8MG/Xi7gPZ2J6ehC1fyX/dLky+yz3yztqy724ExU=", "temperature": 73.66, "humidity": 61.35, "dewpoint": 59.59, "vpd": 1.09, "altitude": 0, "sensor_id": "448148.686490323532842"}
{"observed": "2025-08-28T18:38:28.000Z", "gateways": "ou/8MG/Xi7gPZ2J6ehC1fyX/dLky+yz3yztqy724ExU=", "temperature": 73.67, "humidity": 61.35, "dewpoint": 59.59, "vpd": 1.09, "altitude": 0, "sensor_id": "448148.686490323532842"}
{"observed": "2025-08-28T18:38:05.000Z", "gateways": "ou/8MG/Xi7gPZ2J6ehC1fyX/dLky+yz3yztqy724ExU=", "temperature": 73.66, "humidity": 61.35, "dewpoint": 59.59, "vpd": 1.09, "altitude": 0, "sensor_id": "448148.686490323532842"}
{"observed": "2025-08-28T18:36:02.000Z", "gateways": "ou/8MG/Xi7gPZ2J6ehC1fyX/dLky+yz3yztqy724ExU=", "temperature": 73.66, "humidity": 61.35, "dewpoint": 59.59, "vpd": 1.09, "altitude": 0, "sensor_id": "448148.686490323532842"}
{"observed": "2025-08-28T18:35:08.000Z", "gateways": "", "temperature": 73.66, "humidity": 61.35, "dewpoint": 59.59, "vpd": 1.09, "altitude": 0, "sensor_id": "448148.686490323532842"}
{"observed": "2025-08-28T18:32:08.000Z", "gateways": "", "temperature": 73.66, "humidity": 61.32, "dewpoint": 59.55, "vpd": 1.09, "altitude": 0, "sensor_id": "448148.686490323532842"}
{"observed": "2025-08-28T18:31:08.000Z", "gateways": "", "temperature": 73.66, "humidity": 61.29, "dewpoint": 59.55, "vpd": 1.09, "altitude": 0, "sensor_id": "448148.686490323532842"}
{"observed": "2025-08-28T18:38:24.000Z", "gateways": "ou/8MG/Xi7gPZ2J6ehC1fyX/dLky+yz3yztqy724ExU=", "temperature": 71.82, "humidity": 62.15, "dewpoint": 58.17, "vpd": 1, "altitude": 0, "sensor_id": "455975.5050267550565296"}
{"observed": "2025-08-28T18:37:26.000Z", "gateways": "ou/8MG/Xi7gPZ2J6ehC1fyX/dLky+yz3yztqy724ExU=", "temperature": 71.8, "humidity": 62.15, "dewpoint": 58.17, "vpd": 1, "altitude": 0, "sensor_id": "455975.5050267550565296"}
{"observed": "2025-08-28T18:35:59.000Z", "gateways": "", "temperature": 71.78, "humidity": 62.15, "dewpoint": 58.17, "vpd": 1, "altitude": 0, "sensor_id": "455975.5050267550565296"}
{"observed": "2025-08-28T18:35:26.000Z", "gateways": "ou/8MG/Xi7gPZ2J6ehC1fyX/dLky+yz3yztqy724ExU=", "temperature": 71.8, "humidity": 62.15, "dewpoint": 58.17, "vpd": 1, "altitude": 0, "sensor_id": "455975.5050267550565296"}
{"observed": "2025-08-28T18:34:59.000Z", "gateways": "", "temperature": 71.78, "humidity": 62.12, "dewpoint": 58.12, "vpd": 1, "altitude": 0, "sensor_id": "455975.5050267550565296"}
{"observed": "2025-08-28T18:31:59.000Z", "gateways": "", "temperature": 71.76, "humidity": 62.15, "dewpoint": 58.17, "vpd": 1, "altitude": 0, "sensor_id": "455975.5050267550565296"}
{"observed": "2025-08-28T18:39:54.000Z", "gateways": "ou/8MG/Xi7gPZ2J6ehC1fyX/dLky+yz3yztqy724ExU=", "temperature": 73.29, "humidity": 61.32, "dewpoint": 59.17, "vpd": 1.08, "altitude": 0, "sensor_id": "500914.8315623388163058"}
{"observed": "2025-08-28T18:38:42.000Z", "gateways": "ou/8MG/Xi7gPZ2J6ehC1fyX/dLky+yz3yztqy724ExU=", "temperature": 73.29, "humidity": 61.35, "dewpoint": 59.22, "vpd": 1.07, "altitude": 0, "sensor_id": "500914.8315623388163058"}
{"observed": "2025-08-28T18:37:39.000Z", "gateways": "ou/8MG/Xi7gPZ2J6ehC1fyX/dLky+yz3yztqy724ExU=", "temperature": 73.29, "humidity": 61.38, "dewpoint": 59.22, "vpd": 1.07, "altitude": 0, "sensor_id": "500914.8315623388163058"}
{"observed": "2025-08-28T18:36:40.000Z", "gateways": "ou/8MG/Xi7gPZ2J6ehC1fyX/dLky+yz3yztqy724ExU=", "temperature": 73.29, "humidity": 61.35, "dewpoint": 59.22, "vpd": 1.07, "altitude": 0, "sensor_id": "500914.8315623388163058"}
{"observed": "2025-08-28T18:34:49.000Z", "gateways": "", "temperature": 73.29, "humidity": 61.32, "dewpoint": 59.17, "vpd": 1.08, "altitude": 0, "sensor_id": "500914.8315623388163058"}
{"observed": "2025-08-28T18:34:35.000Z", "gateways": "ou/8MG/Xi7gPZ2J6ehC1fyX/dLky+yz3yztqy724ExU=", "temperature": 73.29, "humidity": 61.35, "dewpoint": 59.22, "vpd": 1.07, "altitude": 0, "sensor_id": "500914.8315623388163058"}
{"observed": "2025-08-28T18:34:12.000Z", "gateways": "ou/8MG/Xi7gPZ2J6ehC1fyX/dLky+yz3yztqy724ExU=", "temperature": 73.29, "humidity": 61.32, "dewpoint": 59.17, "vpd": 1.08, "altitude": 0, "sensor_id": "500914.8315623388163058"}
{"observed": "2025-08-28T18:32:49.000Z", "gateways": "", "temperature": 73.29, "humidity": 61.29, "dewpoint": 59.17, "vpd": 1.08, "altitude": 0, "sensor_id": "500914.8315623388163058"}
{"observed": "2025-08-28T18:31:49.000Z", "gateways": "", "temperature": 73.27, "humidity": 61.23, "dewpoint": 59.13, "vpd": 1.08, "altitude": 0, "sensor_id": "500914.8315623388163058"}
{"observed": "2025-08-28T18:44:48.000Z", "gateways": "ou/8MG/Xi7gPZ2J6ehC1fyX/dLky+yz3yztqy724ExU=", "temperature": 73.67, "humidity": 61.35, "dewpoint": 59.59, "vpd": 1.09, "altitude": 0, "sensor_id": "448148.686490323532842"}
{"observed": "2025-08-28T18:42:21.000Z", "gateways": "ou/8MG/Xi7gPZ2J6ehC1fyX/dLky+yz3yztqy724ExU=", "temperature": 73.67, "humidity": 61.35, "dewpoint": 59.59, "vpd": 1.09, "altitude": 0, "sensor_id": "448148.686490323532842"}
{"observed": "2025-08-28T18:41:35.000Z", "gateways": "ou/8MG/Xi7gPZ2J6ehC1fyX/dLky+yz3yztqy724ExU=", "temperature": 73.66, "humidity": 61.35, "dewpoint": 59.59, "vpd": 1.09, "altitude": 0, "sensor_id": "448148.686490323532842"}
{"observed": "2025-08-28T18:39:31.000Z", "gateways": "ou/8MG/Xi7gPZ2J6ehC1fyX/dLky+yz3yztqy724ExU=", "temperature": 73.66, "humidity": 61.35, "dewpoint": 59.59, "vpd": 1.09, "altitude": 0, "sensor_id": "448148.686490323532842"}
{"observed": "2025-08-28T18:38:28.000Z", "gateways": "ou/8MG/Xi7gPZ2J6ehC1fyX/dLky+yz3yztqy724ExU=", "temperature": 73.67, "humidity": 61.35, "dewpoint": 59.59, "vpd": 1.09, "altitude": 0, "sensor_id": "448148.686490323532842"}
{"observed": "2025-08-28T18:38:05.000Z", "gateways": "ou/8MG/Xi7gPZ2J6ehC1fyX/dLky+yz3yztqy724ExU=", "temperature": 73.66, "humidity": 61.35, "dewpoint": 59.59, "vpd": 1.09, "altitude": 0, "sensor_id": "448148.686490323532842"}
{"observed": "2025-08-28T18:36:02.000Z", "gateways": "ou/8MG/Xi7gPZ2J6ehC1fyX/dLky+yz3yztqy724ExU=", "temperature": 73.66, "humidity": 61.35, "dewpoint": 59.59, "vpd": 1.09, "altitude": 0, "sensor_id": "448148.686490323532842"}
{"observed": "2025-08-28T18:44:44.000Z", "gateways": "ou/8MG/Xi7gPZ2J6ehC1fyX/dLky+yz3yztqy724ExU=", "temperature": 71.86, "humidity": 62.21, "dewpoint": 58.26, "vpd": 1, "altitude": 0, "sensor_id": "455975.5050267550565296"}
{"observed": "2025-08-28T18:43:42.000Z", "gateways": "ou/8MG/Xi7gPZ2J6ehC1fyX/dLky+yz3yztqy724ExU=", "temperature": 71.84, "humidity": 62.15, "dewpoint": 58.17, "vpd": 1, "altitude": 0, "sensor_id": "455975.5050267550565296"}
{"observed": "2025-08-28T18:41:33.000Z", "gateways": "ou/8MG/Xi7gPZ2J6ehC1fyX/dLky+yz3yztqy724ExU=", "temperature": 71.84, "humidity": 62.15, "dewpoint": 58.17, "vpd": 1, "altitude": 0, "sensor_id": "455975.5050267550565296"}
{"observed": "2025-08-28T18:40:31.000Z", "gateways": "ou/8MG/Xi7gPZ2J6ehC1fyX/dLky+yz3yztqy724ExU=", "temperature": 71.82, "humidity": 62.15, "dewpoint": 58.17, "vpd": 1, "altitude": 0, "sensor_id": "455975.5050267550565296"}
{"observed": "2025-08-28T18:38:24.000Z", "gateways": "ou/8MG/Xi7gPZ2J6ehC1fyX/dLky+yz3yztqy724ExU=", "temperature": 71.82, "humidity": 62.15, "dewpoint": 58.17, "vpd": 1, "altitude": 0, "sensor_id": "455975.5050267550565296"}
{"observed": "2025-08-28T18:37:26.000Z", "gateways": "ou/8MG/Xi7gPZ2J6ehC1fyX/dLky+yz3yztqy724ExU=", "temperature": 71.8, "humidity": 62.15, "dewpoint": 58.17, "vpd": 1, "altitude": 0, "sensor_id": "455975.5050267550565296"}
{"observed": "2025-08-28T18:35:59.000Z", "gateways": "", "temperature": 71.78, "humidity": 62.15, "dewpoint": 58.17, "vpd": 1, "altitude": 0, "sensor_id": "455975.5050267550565296"}
{"observed": "2025-08-28T18:35:26.000Z", "gateways": "ou/8MG/Xi7gPZ2J6ehC1fyX/dLky+yz3yztqy724ExU=", "temperature": 71.8, "humidity": 62.15, "dewpoint": 58.17, "vpd": 1, "altitude": 0, "sensor_id": "455975.5050267550565296"}
{"observed": "2025-08-28T18:45:15.000Z", "gateways": "ou/8MG/Xi7gPZ2J6ehC1fyX/dLky+yz3yztqy724ExU=", "temperature": 73.81, "humidity": 64.77, "dewpoint": 61.21, "vpd": 1, "altitude": 0, "sensor_id": "500449.7751399281124497"}
{"observed": "2025-08-28T18:44:50.000Z", "gateways": "ou/8MG/Xi7gPZ2J6ehC1fyX/dLky+yz3yztqy724ExU=", "temperature": 73.79, "humidity": 64.8, "dewpoint": 61.21, "vpd": 1, "altitude": 0, "sensor_id": "500449.7751399281124497"}
{"observed": "2025-08-28T18:44:15.000Z", "gateways": "", "temperature": 73.79, "humidity": 64.8, "dewpoint": 61.21, "vpd": 1, "altitude": 0, "sensor_id": "500449.7751399281124497"}
{"observed": "2025-08-28T18:41:15.000Z", "gateways": "", "temperature": 73.77, "humidity": 64.83, "dewpoint": 61.21, "vpd": 1, "altitude": 0, "sensor_id": "500449.7751399281124497"}
{"observed": "2025-08-28T18:39:15.000Z", "gateways": "", "temperature": 73.75, "humidity": 64.86, "dewpoint": 61.25, "vpd": 0.99, "altitude": 0, "sensor_id": "500449.7751399281124497"}
{"observed": "2025-08-28T18:37:15.000Z", "gateways": "", "temperature": 73.73, "humidity": 64.89, "dewpoint": 61.16, "vpd": 0.99, "altitude": 0, "sensor_id": "500449.7751399281124497"}
{"observed": "2025-08-28T18:36:15.000Z", "gateways": "", "temperature": 73.71, "humidity": 64.89, "dewpoint": 61.16, "vpd": 0.99, "altitude": 0, "sensor_id": "500449.7751399281124497"}
{"observed": "2025-08-28T18:49:44.000Z", "gateways": "ou/8MG/Xi7gPZ2J6ehC1fyX/dLky+yz3yztqy724ExU=", "temperature": 72.19, "humidity": 63.18, "dewpoint": 58.99, "vpd": 0.99, "altitude": 0, "sensor_id": "455894.5632779415058732"}
{"observed": "2025-08-28T18:47:26.000Z", "gateways": "", "temperature": 72.19, "humidity": 63.15, "dewpoint": 58.99, "vpd": 0.99, "altitude": 0, "sensor_id": "455894.5632779415058732"}
{"observed": "2025-08-28T18:46:26.000Z", "gateways": "", "temperature": 72.17, "humidity": 63.15, "dewpoint": 58.99, "vpd": 0.99, "altitude": 0, "sensor_id": "455894.5632779415058732"}
{"observed": "2025-08-28T18:43:26.000Z", "gateways": "", "temperature": 72.15, "humidity": 63.15, "dewpoint": 58.99, "vpd": 0.99, "altitude": 0, "sensor_id": "455894.5632779415058732"}
{"observed": "2025-08-28T18:41:26.000Z", "gateways": "", "temperature": 72.13, "humidity": 63.15, "dewpoint": 58.89, "vpd": 0.98, "altitude": 0, "sensor_id": "455894.5632779415058732"}
{"observed": "2025-08-28T18:50:04.000Z", "gateways": "ou/8MG/Xi7gPZ2J6ehC1fyX/dLky+yz3yztqy724ExU=", "temperature": 73.83, "humidity": 64.74, "dewpoint": 61.16, "vpd": 1, "altitude": 0, "sensor_id": "500449.7751399281124497"}
{"observed": "2025-08-28T18:49:12.000Z", "gateways": "ou/8MG/Xi7gPZ2J6ehC1fyX/dLky+yz3yztqy724ExU=", "temperature": 73.83, "humidity": 64.77, "dewpoint": 61.21, "vpd": 1, "altitude": 0, "sensor_id": "500449.7751399281124497"}
{"observed": "2025-08-28T18:47:19.000Z", "gateways": "ou/8MG/Xi7gPZ2J6ehC1fyX/dLky+yz3yztqy724ExU=", "temperature": 73.81, "humidity": 64.77, "dewpoint": 61.21, "vpd": 1, "altitude": 0, "sensor_id": "500449.7751399281124497"}
{"observed": "2025-08-28T18:45:15.000Z", "gateways": "ou/8MG/Xi7gPZ2J6ehC1fyX/dLky+yz3yztqy724ExU=", "temperature": 73.81, "humidity": 64.77, "dewpoint": 61.21, "vpd": 1, "altitude": 0, "sensor_id": "500449.7751399281124497"}
{"observed": "2025-08-28T18:44:50.000Z", "gateways": "ou/8MG/Xi7gPZ2J6ehC1fyX/dLky+yz3yztqy724ExU=", "temperature": 73.79, "humidity": 64.8, "dewpoint": 61.21, "vpd": 1, "altitude": 0, "sensor_id": "500449.7751399281124497"}
{"observed": "2025-08-28T18:44:15.000Z", "gateways": "", "temperature": 73.79, "humidity": 64.8, "dewpoint": 61.21, "vpd": 1, "altitude": 0, "sensor_id": "500449.7751399281124497"}
{"observed": "2025-08-28T18:41:15.000Z", "gateways": "", "temperature": 73.77, "humidity": 64.83, "dewpoint": 61.21, "vpd": 1, "altitude": 0, "sensor_id": "500449.7751399281124497"}
{"observed": "2025-08-28T18:49:48.000Z", "gateways": "ou/8MG/Xi7gPZ2J6ehC1fyX/dLky+yz3yztqy724ExU=", "temperature": 72.5, "humidity": 66.63, "dewpoint": 60.75, "vpd": 0.91, "altitude": 0, "sensor_id": "506624.7981350299718768"}
{"observed": "2025-08-28T18:47:47.000Z", "gateways": "ou/8MG/Xi7gPZ2J6ehC1fyX/dLky+yz3yztqy724ExU=", "temperature": 72.5, "humidity": 66.63, "dewpoint": 60.75, "vpd": 0.91, "altitude": 0, "sensor_id": "506624.7981350299718768"}
{"observed": "2025-08-28T18:46:44.000Z", "gateways": "", "temperature": 72.46, "humidity": 66.63, "dewpoint": 60.75, "vpd": 0.91, "altitude": 0, "sensor_id": "506624.7981350299718768"}
{"observed": "2025-08-28T18:46:39.000Z", "gateways": "ou/8MG/Xi7gPZ2J6ehC1fyX/dLky+yz3yztqy724ExU=", "temperature": 72.5, "humidity": 66.6, "dewpoint": 60.75, "vpd": 0.91, "altitude": 0, "sensor_id": "506624.7981350299718768"}
{"observed": "2025-08-28T18:43:44.000Z", "gateways": "", "temperature": 72.48, "humidity": 66.63, "dewpoint": 60.75, "vpd": 0.91, "altitude": 0, "sensor_id": "506624.7981350299718768"}
{"observed": "2025-08-28T18:54:40.000Z", "gateways": "ou/8MG/Xi7gPZ2J6ehC1fyX/dLky+yz3yztqy724ExU=", "temperature": 72.23, "humidity": 63.18, "dewpoint": 58.99, "vpd": 0.99, "altitude": 0, "sensor_id": "455894.5632779415058732"}
{"observed": "2025-08-28T18:52:40.000Z", "gateways": "ou/8MG/Xi7gPZ2J6ehC1fyX/dLky+yz3yztqy724ExU=", "temperature": 72.23, "humidity": 63.18, "dewpoint": 58.99, "vpd": 0.99, "altitude": 0, "sensor_id": "455894.5632779415058732"}
{"observed": "2025-08-28T18:50:37.000Z", "gateways": "ou/8MG/Xi7gPZ2J6ehC1fyX/dLky+yz3yztqy724ExU=", "temperature": 72.23, "humidity": 63.18, "dewpoint": 58.99, "vpd": 0.99, "altitude": 0, "sensor_id": "455894.5632779415058732"}
{"observed": "2025-08-28T18:50:26.000Z", "gateways": "", "temperature": 72.19, "humidity": 63.18, "dewpoint": 58.99, "vpd": 0.99, "altitude": 0, "sensor_id": "455894.5632779415058732"}
{"observed": "2025-08-28T18:49:44.000Z", "gateways": "ou/8MG/Xi7gPZ2J6ehC1fyX/dLky+yz3yztqy724ExU=", "temperature": 72.19, "humidity": 63.18, "dewpoint": 58.99, "vpd": 0.99, "altitude": 0, "sensor_id": "455894.5632779415058732"}
{"observed": "2025-08-28T18:47:26.000Z", "gateways": "", "temperature": 72.19, "humidity": 63.15, "dewpoint": 58.99, "vpd": 0.99, "altitude": 0, "sensor_id": "455894.5632779415058732"}
{"observed": "2025-08-28T18:46:26.000Z", "gateways": "", "temperature": 72.17, "humidity": 63.15, "dewpoint": 58.99, "vpd": 0.99, "altitude": 0, "sensor_id": "455894.5632779415058732"}
{"observed": "2025-08-28T18:54:50.000Z", "gateways": "ou/8MG/Xi7gPZ2J6ehC1fyX/dLky+yz3yztqy724ExU=", "temperature": 73.25, "humidity": 62.63, "dewpoint": 59.76, "vpd": 1.04, "altitude": 0, "sensor_id": "457328.3276496711475517"}
{"observed": "2025-08-28T18:52:48.000Z", "gateways": "ou/8MG/Xi7gPZ2J6ehC1fyX/dLky+yz3yztqy724ExU=", "temperature": 73.25, "humidity": 62.6, "dewpoint": 59.76, "vpd": 1.04, "altitude": 0, "sensor_id": "457328.3276496711475517"}
{"observed": "2025-08-28T18:50:49.000Z", "gateways": "ou/8MG/Xi7gPZ2J6ehC1fyX/dLky+yz3yztqy724ExU=", "temperature": 73.23, "humidity": 62.57, "dewpoint": 59.67, "vpd": 1.04, "altitude": 0, "sensor_id": "457328.3276496711475517"}
{"observed": "2025-08-28T18:50:25.000Z", "gateways": "", "temperature": 73.25, "humidity": 62.57, "dewpoint": 59.76, "vpd": 1.04, "altitude": 0, "sensor_id": "457328.3276496711475517"}
{"observed": "2025-08-28T18:48:25.000Z", "gateways": "", "temperature": 73.23, "humidity": 62.54, "dewpoint": 59.62, "vpd": 1.04, "altitude": 0, "sensor_id": "457328.3276496711475517"}
{"observed": "2025-08-28T18:47:25.000Z", "gateways": "", "temperature": 73.23, "humidity": 62.6, "dewpoint": 59.67, "vpd": 1.04, "altitude": 0, "sensor_id": "457328.3276496711475517"}
{"observed": "2025-08-28T18:46:25.000Z", "gateways": "", "temperature": 73.23, "humidity": 62.57, "dewpoint": 59.67, "vpd": 1.04, "altitude": 0, "sensor_id": "457328.3276496711475517"}
{"observed": "2025-08-28T18:45:25.000Z", "gateways": "", "temperature": 73.23, "humidity": 62.54, "dewpoint": 59.62, "vpd": 1.04, "altitude": 0, "sensor_id": "457328.3276496711475517"}
{"observed": "2025-08-28T18:54:43.000Z", "gateways": "ou/8MG/Xi7gPZ2J6ehC1fyX/dLky+yz3yztqy724ExU=", "temperature": 72.5, "humidity": 66.69, "dewpoint": 60.79, "vpd": 0.9, "altitude": 0, "sensor_id": "506624.7981350299718768"}
{"observed": "2025-08-28T18:53:34.000Z", "gateways": "ou/8MG/Xi7gPZ2J6ehC1fyX/dLky+yz3yztqy724ExU=", "temperature": 72.52, "humidity": 66.69, "dewpoint": 60.79, "vpd": 0.9, "altitude": 0, "sensor_id": "506624.7981350299718768"}
{"observed": "2025-08-28T18:52:44.000Z", "gateways": "ou/8MG/Xi7gPZ2J6ehC1fyX/dLky+yz3yztqy724ExU=", "temperature": 72.52, "humidity": 66.66, "dewpoint": 60.79, "vpd": 0.9, "altitude": 0, "sensor_id": "506624.7981350299718768"}
{"observed": "2025-08-28T18:51:41.000Z", "gateways": "ou/8MG/Xi7gPZ2J6ehC1fyX/dLky+yz3yztqy724ExU=", "temperature": 72.5, "humidity": 66.66, "dewpoint": 60.79, "vpd": 0.9, "altitude": 0, "sensor_id": "506624.7981350299718768"}
{"observed": "2025-08-28T18:49:48.000Z", "gateways": "ou/8MG/Xi7gPZ2J6ehC1fyX/dLky+yz3yztqy724ExU=", "temperature": 72.5, "humidity": 66.63, "dewpoint": 60.75, "vpd": 0.91, "altitude": 0, "sensor_id": "506624.7981350299718768"}
{"observed": "2025-08-28T18:47:47.000Z", "gateways": "ou/8MG/Xi7gPZ2J6ehC1fyX/dLky+yz3yztqy724ExU=", "temperature": 72.5, "humidity": 66.63, "dewpoint": 60.75, "vpd": 0.91, "altitude": 0, "sensor_id": "506624.7981350299718768"}
{"observed": "2025-08-28T18:46:44.000Z", "gateways": "", "temperature": 72.46, "humidity": 66.63, "dewpoint": 60.75, "vpd": 0.91, "altitude": 0, "sensor_id": "506624.7981350299718768"}
{"observed": "2025-08-28T18:46:39.000Z", "gateways": "ou/8MG/Xi7gPZ2J6ehC1fyX/dLky+yz3yztqy724ExU=", "temperature": 72.5, "humidity": 66.6, "dewpoint": 60.75, "vpd": 0.91, "altitude": 0, "sensor_id": "506624.7981350299718768"}
{"observed": "2025-08-28T18:50:26.000Z", "gateways": "", "temperature": 72.19, "humidity": 63.18, "dewpoint": 58.99, "vpd": 0.99, "altitude": 0, "sensor_id": "455894.5632779415058732"}
{"observed": "2025-08-28T18:59:09.000Z", "gateways": "", "temperature": 72.28, "humidity": 65.41, "dewpoint": 60.04, "vpd": 0.93, "altitude": 0, "sensor_id": "456982.6540911326193624"}
{"observed": "2025-08-28T18:58:42.000Z", "gateways": "ou/8MG/Xi7gPZ2J6ehC1fyX/dLky+yz3yztqy724ExU=", "temperature": 72.28, "humidity": 65.41, "dewpoint": 60.04, "vpd": 0.93, "altitude": 0, "sensor_id": "456982.6540911326193624"}
{"observed": "2025-08-28T18:58:09.000Z", "gateways": "", "temperature": 72.27, "humidity": 65.38, "dewpoint": 60.04, "vpd": 0.93, "altitude": 0, "sensor_id": "456982.6540911326193624"}
{"observed": "2025-08-28T18:57:09.000Z", "gateways": "", "temperature": 72.28, "humidity": 65.41, "dewpoint": 60.04, "vpd": 0.93, "altitude": 0, "sensor_id": "456982.6540911326193624"}
{"observed": "2025-08-28T18:56:09.000Z", "gateways": "", "temperature": 72.27, "humidity": 65.44, "dewpoint": 60.04, "vpd": 0.93, "altitude": 0, "sensor_id": "456982.6540911326193624"}
{"observed": "2025-08-28T18:55:09.000Z", "gateways": "", "temperature": 72.27, "humidity": 65.41, "dewpoint": 60.04, "vpd": 0.93, "altitude": 0, "sensor_id": "456982.6540911326193624"}
{"observed": "2025-08-28T18:54:09.000Z", "gateways": "", "temperature": 72.27, "humidity": 65.44, "dewpoint": 60.04, "vpd": 0.93, "altitude": 0, "sensor_id": "456982.6540911326193624"}
{"observed": "2025-08-28T18:53:09.000Z", "gateways": "", "temperature": 72.25, "humidity": 65.41, "dewpoint": 60.04, "vpd": 0.93, "altitude": 0, "sensor_id": "456982.6540911326193624"}
{"observed": "2025-08-28T18:52:09.000Z", "gateways": "", "temperature": 72.25, "humidity": 65.44, "dewpoint": 60.04, "vpd": 0.93, "altitude": 0, "sensor_id": "456982.6540911326193624"}
{"observed": "2025-08-28T18:51:09.000Z", "gateways": "", "temperature": 72.25, "humidity": 65.41, "dewpoint": 60.04, "vpd": 0.93, "altitude": 0, "sensor_id": "456982.6540911326193624"}
{"observed": "2025-08-28T18:59:49.000Z", "gateways": "ou/8MG/Xi7gPZ2J6ehC1fyX/dLky+yz3yztqy724ExU=", "temperature": 73.23, "humidity": 62.66, "dewpoint": 59.71, "vpd": 1.03, "altitude": 0, "sensor_id": "457328.3276496711475517"}
{"observed": "2025-08-28T18:58:48.000Z", "gateways": "ou/8MG/Xi7gPZ2J6ehC1fyX/dLky+yz3yztqy724ExU=", "temperature": 73.25, "humidity": 62.63, "dewpoint": 59.76, "vpd": 1.04, "altitude": 0, "sensor_id": "457328.3276496711475517"}
{"observed": "2025-08-28T18:56:46.000Z", "gateways": "ou/8MG/Xi7gPZ2J6ehC1fyX/dLky+yz3yztqy724ExU=", "temperature": 73.25, "humidity": 62.6, "dewpoint": 59.76, "vpd": 1.04, "altitude": 0, "sensor_id": "457328.3276496711475517"}
{"observed": "2025-08-28T18:55:46.000Z", "gateways": "ou/8MG/Xi7gPZ2J6ehC1fyX/dLky+yz3yztqy724ExU=", "temperature": 73.23, "humidity": 62.6, "dewpoint": 59.67, "vpd": 1.04, "altitude": 0, "sensor_id": "457328.3276496711475517"}
{"observed": "2025-08-28T18:54:50.000Z", "gateways": "ou/8MG/Xi7gPZ2J6ehC1fyX/dLky+yz3yztqy724ExU=", "temperature": 73.25, "humidity": 62.63, "dewpoint": 59.76, "vpd": 1.04, "altitude": 0, "sensor_id": "457328.3276496711475517"}
{"observed": "2025-08-28T18:52:48.000Z", "gateways": "ou/8MG/Xi7gPZ2J6ehC1fyX/dLky+yz3yztqy724ExU=", "temperature": 73.25, "humidity": 62.6, "dewpoint": 59.76, "vpd": 1.04, "altitude": 0, "sensor_id": "457328.3276496711475517"}
{"observed": "2025-08-28T18:50:49.000Z", "gateways": "ou/8MG/Xi7gPZ2J6ehC1fyX/dLky+yz3yztqy724ExU=", "temperature": 73.23, "humidity": 62.57, "dewpoint": 59.67, "vpd": 1.04, "altitude": 0, "sensor_id": "457328.3276496711475517"}
{"observed": "2025-08-28T18:50:25.000Z", "gateways": "", "temperature": 73.25, "humidity": 62.57, "dewpoint": 59.76, "vpd": 1.04, "altitude": 0, "sensor_id": "457328.3276496711475517"}
{"observed": "2025-08-28T18:57:48.000Z", "gateways": "ou/8MG/Xi7gPZ2J6ehC1fyX/dLky+yz3yztqy724ExU=", "temperature": 72.4, "humidity": 54.24, "dewpoint": 54.91, "vpd": 1.24, "altitude": 0, "sensor_id": "500860.4124109530398747"}
{"observed": "2025-08-28T18:56:01.000Z", "gateways": "", "temperature": 72.4, "humidity": 54.24, "dewpoint": 54.91, "vpd": 1.24, "altitude": 0, "sensor_id": "500860.4124109530398747"}
{"observed": "2025-08-28T18:53:01.000Z", "gateways": "", "temperature": 72.38, "humidity": 54.24, "dewpoint": 54.91, "vpd": 1.24, "altitude": 0, "sensor_id": "500860.4124109530398747"}
{"observed": "2025-08-28T19:04:32.000Z", "gateways": "ou/8MG/Xi7gPZ2J6ehC1fyX/dLky+yz3yztqy724ExU=", "temperature": 72.3, "humidity": 65.41, "dewpoint": 60.04, "vpd": 0.93, "altitude": 0, "sensor_id": "456982.6540911326193624"}
{"observed": "2025-08-28T19:03:35.000Z", "gateways": "ou/8MG/Xi7gPZ2J6ehC1fyX/dLky+yz3yztqy724ExU=", "temperature": 72.28, "humidity": 65.41, "dewpoint": 60.04, "vpd": 0.93, "altitude": 0, "sensor_id": "456982.6540911326193624"}
{"observed": "2025-08-28T19:01:29.000Z", "gateways": "ou/8MG/Xi7gPZ2J6ehC1fyX/dLky+yz3yztqy724ExU=", "temperature": 72.28, "humidity": 65.41, "dewpoint": 60.04, "vpd": 0.93, "altitude": 0, "sensor_id": "456982.6540911326193624"}
{"observed": "2025-08-28T19:00:27.000Z", "gateways": "ou/8MG/Xi7gPZ2J6ehC1fyX/dLky+yz3yztqy724ExU=", "temperature": 72.28, "humidity": 65.35, "dewpoint": 60.04, "vpd": 0.93, "altitude": 0, "sensor_id": "456982.6540911326193624"}
{"observed": "2025-08-28T18:59:09.000Z", "gateways": "", "temperature": 72.28, "humidity": 65.41, "dewpoint": 60.04, "vpd": 0.93, "altitude": 0, "sensor_id": "456982.6540911326193624"}
{"observed": "2025-08-28T18:58:42.000Z", "gateways": "ou/8MG/Xi7gPZ2J6ehC1fyX/dLky+yz3yztqy724ExU=", "temperature": 72.28, "humidity": 65.41, "dewpoint": 60.04, "vpd": 0.93, "altitude": 0, "sensor_id": "456982.6540911326193624"}
{"observed": "2025-08-28T18:58:09.000Z", "gateways": "", "temperature": 72.27, "humidity": 65.38, "dewpoint": 60.04, "vpd": 0.93, "altitude": 0, "sensor_id": "456982.6540911326193624"}
{"observed": "2025-08-28T18:57:09.000Z", "gateways": "", "temperature": 72.28, "humidity": 65.41, "dewpoint": 60.04, "vpd": 0.93, "altitude": 0, "sensor_id": "456982.6540911326193624"}
{"observed": "2025-08-28T18:56:09.000Z", "gateways": "", "temperature": 72.27, "humidity": 65.44, "dewpoint": 60.04, "vpd": 0.93, "altitude": 0, "sensor_id": "456982.6540911326193624"}
{"observed": "2025-08-28T19:05:10.000Z", "gateways": "ou/8MG/Xi7gPZ2J6ehC1fyX/dLky+yz3yztqy724ExU=", "temperature": 72.4, "humidity": 54.21, "dewpoint": 54.91, "vpd": 1.24, "altitude": 0, "sensor_id": "500860.4124109530398747"}
{"observed": "2025-08-28T19:03:00.000Z", "gateways": "ou/8MG/Xi7gPZ2J6ehC1fyX/dLky+yz3yztqy724ExU=", "temperature": 72.4, "humidity": 54.21, "dewpoint": 54.91, "vpd": 1.24, "altitude": 0, "sensor_id": "500860.4124109530398747"}
{"observed": "2025-08-28T19:00:57.000Z", "gateways": "ou/8MG/Xi7gPZ2J6ehC1fyX/dLky+yz3yztqy724ExU=", "temperature": 72.4, "humidity": 54.21, "dewpoint": 54.91, "vpd": 1.24, "altitude": 0, "sensor_id": "500860.4124109530398747"}
{"observed": "2025-08-28T19:00:26.000Z", "gateways": "ou/8MG/Xi7gPZ2J6ehC1fyX/dLky+yz3yztqy724ExU=", "temperature": 72.4, "humidity": 54.24, "dewpoint": 54.91, "vpd": 1.24, "altitude": 0, "sensor_id": "500860.4124109530398747"}
{"observed": "2025-08-28T18:57:48.000Z", "gateways": "ou/8MG/Xi7gPZ2J6ehC1fyX/dLky+yz3yztqy724ExU=", "temperature": 72.4, "humidity": 54.24, "dewpoint": 54.91, "vpd": 1.24, "altitude": 0, "sensor_id": "500860.4124109530398747"}
{"observed": "2025-08-28T18:56:01.000Z", "gateways": "", "temperature": 72.4, "humidity": 54.24, "dewpoint": 54.91, "vpd": 1.24, "altitude": 0, "sensor_id": "500860.4124109530398747"}
{"observed": "2025-08-28T19:09:36.000Z", "gateways": "ou/8MG/Xi7gPZ2J6ehC1fyX/dLky+yz3yztqy724ExU=", "temperature": 73.73, "humidity": 61.5, "dewpoint": 59.64, "vpd": 1.09, "altitude": 0, "sensor_id": "448148.686490323532842"}
{"observed": "2025-08-28T19:07:35.000Z", "gateways": "ou/8MG/Xi7gPZ2J6ehC1fyX/dLky+yz3yztqy724ExU=", "temperature": 73.73, "humidity": 61.5, "dewpoint": 59.64, "vpd": 1.09, "altitude": 0, "sensor_id": "448148.686490323532842"}
{"observed": "2025-08-28T19:07:08.000Z", "gateways": "", "temperature": 73.73, "humidity": 61.5, "dewpoint": 59.64, "vpd": 1.09, "altitude": 0, "sensor_id": "448148.686490323532842"}
{"observed": "2025-08-28T19:03:08.000Z", "gateways": "", "temperature": 73.71, "humidity": 61.5, "dewpoint": 59.64, "vpd": 1.09, "altitude": 0, "sensor_id": "448148.686490323532842"}
{"observed": "2025-08-28T19:10:24.000Z", "gateways": "ou/8MG/Xi7gPZ2J6ehC1fyX/dLky+yz3yztqy724ExU=", "temperature": 72.01, "humidity": 62.21, "dewpoint": 58.35, "vpd": 1.01, "altitude": 0, "sensor_id": "455975.5050267550565296"}
{"observed": "2025-08-28T19:09:11.000Z", "gateways": "ou/8MG/Xi7gPZ2J6ehC1fyX/dLky+yz3yztqy724ExU=", "temperature": 72, "humidity": 62.21, "dewpoint": 58.35, "vpd": 1.01, "altitude": 0, "sensor_id": "455975.5050267550565296"}
{"observed": "2025-08-28T19:07:05.000Z", "gateways": "ou/8MG/Xi7gPZ2J6ehC1fyX/dLky+yz3yztqy724ExU=", "temperature": 72, "humidity": 62.21, "dewpoint": 58.35, "vpd": 1.01, "altitude": 0, "sensor_id": "455975.5050267550565296"}
{"observed": "2025-08-28T19:06:59.000Z", "gateways": "", "temperature": 72, "humidity": 62.21, "dewpoint": 58.35, "vpd": 1.01, "altitude": 0, "sensor_id": "455975.5050267550565296"}
{"observed": "2025-08-28T19:02:59.000Z", "gateways": "", "temperature": 71.98, "humidity": 62.21, "dewpoint": 58.35, "vpd": 1.01, "altitude": 0, "sensor_id": "455975.5050267550565296"}
{"observed": "2025-08-28T19:00:59.000Z", "gateways": "", "temperature": 71.96, "humidity": 62.21, "dewpoint": 58.35, "vpd": 1.01, "altitude": 0, "sensor_id": "455975.5050267550565296"}
{"observed": "2025-08-28T19:08:45.000Z", "gateways": "ou/8MG/Xi7gPZ2J6ehC1fyX/dLky+yz3yztqy724ExU=", "temperature": 73.31, "humidity": 61.69, "dewpoint": 59.35, "vpd": 1.07, "altitude": 0, "sensor_id": "500914.8315623388163058"}
{"observed": "2025-08-28T19:08:01.000Z", "gateways": "ou/8MG/Xi7gPZ2J6ehC1fyX/dLky+yz3yztqy724ExU=", "temperature": 73.31, "humidity": 61.66, "dewpoint": 59.35, "vpd": 1.07, "altitude": 0, "sensor_id": "500914.8315623388163058"}
{"observed": "2025-08-28T19:06:01.000Z", "gateways": "ou/8MG/Xi7gPZ2J6ehC1fyX/dLky+yz3yztqy724ExU=", "temperature": 73.31, "humidity": 61.63, "dewpoint": 59.31, "vpd": 1.07, "altitude": 0, "sensor_id": "500914.8315623388163058"}
{"observed": "2025-08-28T19:05:49.000Z", "gateways": "", "temperature": 73.31, "humidity": 61.63, "dewpoint": 59.31, "vpd": 1.07, "altitude": 0, "sensor_id": "500914.8315623388163058"}
{"observed": "2025-08-28T19:04:49.000Z", "gateways": "", "temperature": 73.33, "humidity": 61.63, "dewpoint": 59.31, "vpd": 1.07, "altitude": 0, "sensor_id": "500914.8315623388163058"}
{"observed": "2025-08-28T19:03:49.000Z", "gateways": "", "temperature": 73.31, "humidity": 61.6, "dewpoint": 59.31, "vpd": 1.07, "altitude": 0, "sensor_id": "500914.8315623388163058"}
{"observed": "2025-08-28T19:02:49.000Z", "gateways": "", "temperature": 73.33, "humidity": 61.57, "dewpoint": 59.31, "vpd": 1.07, "altitude": 0, "sensor_id": "500914.8315623388163058"}
{"observed": "2025-08-28T19:14:38.000Z", "gateways": "ou/8MG/Xi7gPZ2J6ehC1fyX/dLky+yz3yztqy724ExU=", "temperature": 73.75, "humidity": 61.5, "dewpoint": 59.73, "vpd": 1.09, "altitude": 0, "sensor_id": "448148.686490323532842"}
{"observed": "2025-08-28T19:12:29.000Z", "gateways": "ou/8MG/Xi7gPZ2J6ehC1fyX/dLky+yz3yztqy724ExU=", "temperature": 73.75, "humidity": 61.5, "dewpoint": 59.73, "vpd": 1.09, "altitude": 0, "sensor_id": "448148.686490323532842"}
{"observed": "2025-08-28T19:11:39.000Z", "gateways": "ou/8MG/Xi7gPZ2J6ehC1fyX/dLky+yz3yztqy724ExU=", "temperature": 73.73, "humidity": 61.5, "dewpoint": 59.64, "vpd": 1.09, "altitude": 0, "sensor_id": "448148.686490323532842"}
{"observed": "2025-08-28T19:09:36.000Z", "gateways": "ou/8MG/Xi7gPZ2J6ehC1fyX/dLky+yz3yztqy724ExU=", "temperature": 73.73, "humidity": 61.5, "dewpoint": 59.64, "vpd": 1.09, "altitude": 0, "sensor_id": "448148.686490323532842"}
{"observed": "2025-08-28T19:07:35.000Z", "gateways": "ou/8MG/Xi7gPZ2J6ehC1fyX/dLky+yz3yztqy724ExU=", "temperature": 73.73, "humidity": 61.5, "dewpoint": 59.64, "vpd": 1.09, "altitude": 0, "sensor_id": "448148.686490323532842"}
{"observed": "2025-08-28T19:07:08.000Z", "gateways": "", "temperature": 73.73, "humidity": 61.5, "dewpoint": 59.64, "vpd": 1.09, "altitude": 0, "sensor_id": "448148.686490323532842"}
{"observed": "2025-08-28T19:15:24.000Z", "gateways": "ou/8MG/Xi7gPZ2J6ehC1fyX/dLky+yz3yztqy724ExU=", "temperature": 72.05, "humidity": 62.21, "dewpoint": 58.45, "vpd": 1.01, "altitude": 0, "sensor_id": "455975.5050267550565296"}
{"observed": "2025-08-28T19:14:48.000Z", "gateways": "ou/8MG/Xi7gPZ2J6ehC1fyX/dLky+yz3yztqy724ExU=", "temperature": 72.05, "humidity": 62.24, "dewpoint": 58.45, "vpd": 1.01, "altitude": 0, "sensor_id": "455975.5050267550565296"}
{"observed": "2025-08-28T19:13:24.000Z", "gateways": "ou/8MG/Xi7gPZ2J6ehC1fyX/dLky+yz3yztqy724ExU=", "temperature": 72.03, "humidity": 62.24, "dewpoint": 58.35, "vpd": 1.01, "altitude": 0, "sensor_id": "455975.5050267550565296"}
{"observed": "2025-08-28T19:11:24.000Z", "gateways": "ou/8MG/Xi7gPZ2J6ehC1fyX/dLky+yz3yztqy724ExU=", "temperature": 72.03, "humidity": 62.24, "dewpoint": 58.35, "vpd": 1.01, "altitude": 0, "sensor_id": "455975.5050267550565296"}
{"observed": "2025-08-28T19:10:24.000Z", "gateways": "ou/8MG/Xi7gPZ2J6ehC1fyX/dLky+yz3yztqy724ExU=", "temperature": 72.01, "humidity": 62.21, "dewpoint": 58.35, "vpd": 1.01, "altitude": 0, "sensor_id": "455975.5050267550565296"}
{"observed": "2025-08-28T19:09:11.000Z", "gateways": "ou/8MG/Xi7gPZ2J6ehC1fyX/dLky+yz3yztqy724ExU=", "temperature": 72, "humidity": 62.21, "dewpoint": 58.35, "vpd": 1.01, "altitude": 0, "sensor_id": "455975.5050267550565296"}
{"observed": "2025-08-28T19:07:05.000Z", "gateways": "ou/8MG/Xi7gPZ2J6ehC1fyX/dLky+yz3yztqy724ExU=", "temperature": 72, "humidity": 62.21, "dewpoint": 58.35, "vpd": 1.01, "altitude": 0, "sensor_id": "455975.5050267550565296"}
{"observed": "2025-08-28T19:06:59.000Z", "gateways": "", "temperature": 72, "humidity": 62.21, "dewpoint": 58.35, "vpd": 1.01, "altitude": 0, "sensor_id": "455975.5050267550565296"}
{"observed": "2025-08-28T19:14:48.000Z", "gateways": "ou/8MG/Xi7gPZ2J6ehC1fyX/dLky+yz3yztqy724ExU=", "temperature": 73.31, "humidity": 61.75, "dewpoint": 59.4, "vpd": 1.06, "altitude": 0, "sensor_id": "500914.8315623388163058"}
{"observed": "2025-08-28T19:13:04.000Z", "gateways": "ou/8MG/Xi7gPZ2J6ehC1fyX/dLky+yz3yztqy724ExU=", "temperature": 73.31, "humidity": 61.72, "dewpoint": 59.35, "vpd": 1.07, "altitude": 0, "sensor_id": "500914.8315623388163058"}
{"observed": "2025-08-28T19:10:54.000Z", "gateways": "ou/8MG/Xi7gPZ2J6ehC1fyX/dLky+yz3yztqy724ExU=", "temperature": 73.31, "humidity": 61.72, "dewpoint": 59.35, "vpd": 1.07, "altitude": 0, "sensor_id": "500914.8315623388163058"}
{"observed": "2025-08-28T19:08:45.000Z", "gateways": "ou/8MG/Xi7gPZ2J6ehC1fyX/dLky+yz3yztqy724ExU=", "temperature": 73.31, "humidity": 61.69, "dewpoint": 59.35, "vpd": 1.07, "altitude": 0, "sensor_id": "500914.8315623388163058"}
{"observed": "2025-08-28T19:08:01.000Z", "gateways": "ou/8MG/Xi7gPZ2J6ehC1fyX/dLky+yz3yztqy724ExU=", "temperature": 73.31, "humidity": 61.66, "dewpoint": 59.35, "vpd": 1.07, "altitude": 0, "sensor_id": "500914.8315623388163058"}
{"observed": "2025-08-28T19:06:01.000Z", "gateways": "ou/8MG/Xi7gPZ2J6ehC1fyX/dLky+yz3yztqy724ExU=", "temperature": 73.31, "humidity": 61.63, "dewpoint": 59.31, "vpd": 1.07, "altitude": 0, "sensor_id": "500914.8315623388163058"}
{"observed": "2025-08-28T19:05:49.000Z", "gateways": "", "temperature": 73.31, "humidity": 61.63, "dewpoint": 59.31, "vpd": 1.07, "altitude": 0, "sensor_id": "500914.8315623388163058"}
{"observed": "2025-08-28T19:20:25.000Z", "gateways": "ou/8MG/Xi7gPZ2J6ehC1fyX/dLky+yz3yztqy724ExU=", "temperature": 72.57, "humidity": 66.69, "dewpoint": 60.88, "vpd": 0.91, "altitude": 0, "sensor_id": "506624.7981350299718768"}
{"observed": "2025-08-28T19:18:08.000Z", "gateways": "ou/8MG/Xi7gPZ2J6ehC1fyX/dLky+yz3yztqy724ExU=", "temperature": 72.57, "humidity": 66.69, "dewpoint": 60.88, "vpd": 0.91, "altitude": 0, "sensor_id": "506624.7981350299718768"}
{"observed": "2025-08-28T19:17:44.000Z", "gateways": "", "temperature": 72.56, "humidity": 66.69, "dewpoint": 60.88, "vpd": 0.91, "altitude": 0, "sensor_id": "506624.7981350299718768"}
{"observed": "2025-08-28T19:16:44.000Z", "gateways": "", "temperature": 72.56, "humidity": 66.72, "dewpoint": 60.88, "vpd": 0.91, "altitude": 0, "sensor_id": "506624.7981350299718768"}
{"observed": "2025-08-28T19:15:44.000Z", "gateways": "", "temperature": 72.56, "humidity": 66.69, "dewpoint": 60.88, "vpd": 0.91, "altitude": 0, "sensor_id": "506624.7981350299718768"}
{"observed": "2025-08-28T19:14:44.000Z", "gateways": "", "temperature": 72.56, "humidity": 66.66, "dewpoint": 60.88, "vpd": 0.91, "altitude": 0, "sensor_id": "506624.7981350299718768"}
{"observed": "2025-08-28T19:13:44.000Z", "gateways": "", "temperature": 72.56, "humidity": 66.72, "dewpoint": 60.88, "vpd": 0.91, "altitude": 0, "sensor_id": "506624.7981350299718768"}
{"observed": "2025-08-28T19:12:44.000Z", "gateways": "", "temperature": 72.56, "humidity": 66.66, "dewpoint": 60.88, "vpd": 0.91, "altitude": 0, "sensor_id": "506624.7981350299718768"}
{"observed": "2025-08-28T19:11:44.000Z", "gateways": "", "temperature": 72.56, "humidity": 66.69, "dewpoint": 60.88, "vpd": 0.91, "altitude": 0, "sensor_id": "506624.7981350299718768"}
{"observed": "2025-08-28T19:10:44.000Z", "gateways": "", "temperature": 72.54, "humidity": 66.72, "dewpoint": 60.79, "vpd": 0.9, "altitude": 0, "sensor_id": "506624.7981350299718768"}
{"observed": "2025-08-28T19:23:36.000Z", "gateways": "ou/8MG/Xi7gPZ2J6ehC1fyX/dLky+yz3yztqy724ExU=", "temperature": 72.4, "humidity": 63.21, "dewpoint": 59.18, "vpd": 0.99, "altitude": 0, "sensor_id": "455894.5632779415058732"}
{"observed": "2025-08-28T19:21:54.000Z", "gateways": "ou/8MG/Xi7gPZ2J6ehC1fyX/dLky+yz3yztqy724ExU=", "temperature": 72.38, "humidity": 63.21, "dewpoint": 59.18, "vpd": 0.99, "altitude": 0, "sensor_id": "455894.5632779415058732"}
{"observed": "2025-08-28T19:20:26.000Z", "gateways": "", "temperature": 72.38, "humidity": 63.21, "dewpoint": 59.18, "vpd": 0.99, "altitude": 0, "sensor_id": "455894.5632779415058732"}
{"observed": "2025-08-28T19:17:26.000Z", "gateways": "", "temperature": 72.36, "humidity": 63.21, "dewpoint": 59.18, "vpd": 0.99, "altitude": 0, "sensor_id": "455894.5632779415058732"}
{"observed": "2025-08-28T19:16:26.000Z", "gateways": "", "temperature": 72.32, "humidity": 63.21, "dewpoint": 59.08, "vpd": 0.99, "altitude": 0, "sensor_id": "455894.5632779415058732"}
{"observed": "2025-08-28T19:23:55.000Z", "gateways": "ou/8MG/Xi7gPZ2J6ehC1fyX/dLky+yz3yztqy724ExU=", "temperature": 73.27, "humidity": 62.73, "dewpoint": 59.81, "vpd": 1.04, "altitude": 0, "sensor_id": "457328.3276496711475517"}
{"observed": "2025-08-28T19:23:09.000Z", "gateways": "ou/8MG/Xi7gPZ2J6ehC1fyX/dLky+yz3yztqy724ExU=", "temperature": 73.27, "humidity": 62.76, "dewpoint": 59.85, "vpd": 1.04, "altitude": 0, "sensor_id": "457328.3276496711475517"}
{"observed": "2025-08-28T19:22:25.000Z", "gateways": "", "temperature": 73.27, "humidity": 62.76, "dewpoint": 59.85, "vpd": 1.04, "altitude": 0, "sensor_id": "457328.3276496711475517"}
{"observed": "2025-08-28T19:21:25.000Z", "gateways": "", "temperature": 73.27, "humidity": 62.7, "dewpoint": 59.81, "vpd": 1.04, "altitude": 0, "sensor_id": "457328.3276496711475517"}
{"observed": "2025-08-28T19:20:25.000Z", "gateways": "", "temperature": 73.27, "humidity": 62.73, "dewpoint": 59.81, "vpd": 1.04, "altitude": 0, "sensor_id": "457328.3276496711475517"}
{"observed": "2025-08-28T19:19:25.000Z", "gateways": "", "temperature": 73.25, "humidity": 62.73, "dewpoint": 59.81, "vpd": 1.04, "altitude": 0, "sensor_id": "457328.3276496711475517"}
{"observed": "2025-08-28T19:17:25.000Z", "gateways": "", "temperature": 73.27, "humidity": 62.73, "dewpoint": 59.81, "vpd": 1.04, "altitude": 0, "sensor_id": "457328.3276496711475517"}
{"observed": "2025-08-28T19:16:25.000Z", "gateways": "", "temperature": 73.25, "humidity": 62.7, "dewpoint": 59.81, "vpd": 1.04, "altitude": 0, "sensor_id": "457328.3276496711475517"}
{"observed": "2025-08-28T19:25:07.000Z", "gateways": "ou/8MG/Xi7gPZ2J6ehC1fyX/dLky+yz3yztqy724ExU=", "temperature": 74.04, "humidity": 64.56, "dewpoint": 61.31, "vpd": 1.01, "altitude": 0, "sensor_id": "500449.7751399281124497"}
{"observed": "2025-08-28T19:24:11.000Z", "gateways": "ou/8MG/Xi7gPZ2J6ehC1fyX/dLky+yz3yztqy724ExU=", "temperature": 74.02, "humidity": 64.56, "dewpoint": 61.31, "vpd": 1.01, "altitude": 0, "sensor_id": "500449.7751399281124497"}
{"observed": "2025-08-28T19:23:25.000Z", "gateways": "ou/8MG/Xi7gPZ2J6ehC1fyX/dLky+yz3yztqy724ExU=", "temperature": 74.02, "humidity": 64.59, "dewpoint": 61.31, "vpd": 1.01, "altitude": 0, "sensor_id": "500449.7751399281124497"}
{"observed": "2025-08-28T19:21:21.000Z", "gateways": "ou/8MG/Xi7gPZ2J6ehC1fyX/dLky+yz3yztqy724ExU=", "temperature": 74.02, "humidity": 64.59, "dewpoint": 61.31, "vpd": 1.01, "altitude": 0, "sensor_id": "500449.7751399281124497"}
{"observed": "2025-08-28T19:19:15.000Z", "gateways": "", "temperature": 74, "humidity": 64.59, "dewpoint": 61.31, "vpd": 1.01, "altitude": 0, "sensor_id": "500449.7751399281124497"}
{"observed": "2025-08-28T19:17:15.000Z", "gateways": "", "temperature": 74, "humidity": 64.62, "dewpoint": 61.31, "vpd": 1.01, "altitude": 0, "sensor_id": "500449.7751399281124497"}
{"observed": "2025-08-28T19:24:36.000Z", "gateways": "ou/8MG/Xi7gPZ2J6ehC1fyX/dLky+yz3yztqy724ExU=", "temperature": 72.59, "humidity": 66.69, "dewpoint": 60.88, "vpd": 0.91, "altitude": 0, "sensor_id": "506624.7981350299718768"}
{"observed": "2025-08-28T19:22:36.000Z", "gateways": "ou/8MG/Xi7gPZ2J6ehC1fyX/dLky+yz3yztqy724ExU=", "temperature": 72.59, "humidity": 66.69, "dewpoint": 60.88, "vpd": 0.91, "altitude": 0, "sensor_id": "506624.7981350299718768"}
{"observed": "2025-08-28T19:20:54.000Z", "gateways": "ou/8MG/Xi7gPZ2J6ehC1fyX/dLky+yz3yztqy724ExU=", "temperature": 72.57, "humidity": 66.72, "dewpoint": 60.88, "vpd": 0.91, "altitude": 0, "sensor_id": "506624.7981350299718768"}
{"observed": "2025-08-28T19:20:25.000Z", "gateways": "ou/8MG/Xi7gPZ2J6ehC1fyX/dLky+yz3yztqy724ExU=", "temperature": 72.57, "humidity": 66.69, "dewpoint": 60.88, "vpd": 0.91, "altitude": 0, "sensor_id": "506624.7981350299718768"}
{"observed": "2025-08-28T19:18:08.000Z", "gateways": "ou/8MG/Xi7gPZ2J6ehC1fyX/dLky+yz3yztqy724ExU=", "temperature": 72.57, "humidity": 66.69, "dewpoint": 60.88, "vpd": 0.91, "altitude": 0, "sensor_id": "506624.7981350299718768"}
{"observed": "2025-08-28T19:17:44.000Z", "gateways": "", "temperature": 72.56, "humidity": 66.69, "dewpoint": 60.88, "vpd": 0.91, "altitude": 0, "sensor_id": "506624.7981350299718768"}
{"observed": "2025-08-28T19:16:44.000Z", "gateways": "", "temperature": 72.56, "humidity": 66.72, "dewpoint": 60.88, "vpd": 0.91, "altitude": 0, "sensor_id": "506624.7981350299718768"}
{"observed": "2025-08-28T19:15:44.000Z", "gateways": "", "temperature": 72.56, "humidity": 66.69, "dewpoint": 60.88, "vpd": 0.91, "altitude": 0, "sensor_id": "506624.7981350299718768"}
{"observed": "2025-08-28T19:29:52.000Z", "gateways": "ou/8MG/Xi7gPZ2J6ehC1fyX/dLky+yz3yztqy724ExU=", "temperature": 72.42, "humidity": 63.21, "dewpoint": 59.18, "vpd": 0.99, "altitude": 0, "sensor_id": "455894.5632779415058732"}
{"observed": "2025-08-28T19:27:43.000Z", "gateways": "ou/8MG/Xi7gPZ2J6ehC1fyX/dLky+yz3yztqy724ExU=", "temperature": 72.42, "humidity": 63.21, "dewpoint": 59.18, "vpd": 0.99, "altitude": 0, "sensor_id": "455894.5632779415058732"}
{"observed": "2025-08-28T19:25:36.000Z", "gateways": "ou/8MG/Xi7gPZ2J6ehC1fyX/dLky+yz3yztqy724ExU=", "temperature": 72.4, "humidity": 63.21, "dewpoint": 59.18, "vpd": 0.99, "altitude": 0, "sensor_id": "455894.5632779415058732"}
{"observed": "2025-08-28T19:23:36.000Z", "gateways": "ou/8MG/Xi7gPZ2J6ehC1fyX/dLky+yz3yztqy724ExU=", "temperature": 72.4, "humidity": 63.21, "dewpoint": 59.18, "vpd": 0.99, "altitude": 0, "sensor_id": "455894.5632779415058732"}
{"observed": "2025-08-28T19:21:54.000Z", "gateways": "ou/8MG/Xi7gPZ2J6ehC1fyX/dLky+yz3yztqy724ExU=", "temperature": 72.38, "humidity": 63.21, "dewpoint": 59.18, "vpd": 0.99, "altitude": 0, "sensor_id": "455894.5632779415058732"}
{"observed": "2025-08-28T19:28:53.000Z", "gateways": "ou/8MG/Xi7gPZ2J6ehC1fyX/dLky+yz3yztqy724ExU=", "temperature": 73.27, "humidity": 62.79, "dewpoint": 59.85, "vpd": 1.04, "altitude": 0, "sensor_id": "457328.3276496711475517"}
{"observed": "2025-08-28T19:26:45.000Z", "gateways": "ou/8MG/Xi7gPZ2J6ehC1fyX/dLky+yz3yztqy724ExU=", "temperature": 73.27, "humidity": 62.76, "dewpoint": 59.85, "vpd": 1.04, "altitude": 0, "sensor_id": "457328.3276496711475517"}
{"observed": "2025-08-28T19:25:42.000Z", "gateways": "ou/8MG/Xi7gPZ2J6ehC1fyX/dLky+yz3yztqy724ExU=", "temperature": 73.27, "humidity": 62.79, "dewpoint": 59.85, "vpd": 1.04, "altitude": 0, "sensor_id": "457328.3276496711475517"}
{"observed": "2025-08-28T19:23:55.000Z", "gateways": "ou/8MG/Xi7gPZ2J6ehC1fyX/dLky+yz3yztqy724ExU=", "temperature": 73.27, "humidity": 62.73, "dewpoint": 59.81, "vpd": 1.04, "altitude": 0, "sensor_id": "457328.3276496711475517"}
{"observed": "2025-08-28T19:23:09.000Z", "gateways": "ou/8MG/Xi7gPZ2J6ehC1fyX/dLky+yz3yztqy724ExU=", "temperature": 73.27, "humidity": 62.76, "dewpoint": 59.85, "vpd": 1.04, "altitude": 0, "sensor_id": "457328.3276496711475517"}
{"observed": "2025-08-28T19:22:25.000Z", "gateways": "", "temperature": 73.27, "humidity": 62.76, "dewpoint": 59.85, "vpd": 1.04, "altitude": 0, "sensor_id": "457328.3276496711475517"}
{"observed": "2025-08-28T19:21:25.000Z", "gateways": "", "temperature": 73.27, "humidity": 62.7, "dewpoint": 59.81, "vpd": 1.04, "altitude": 0, "sensor_id": "457328.3276496711475517"}
{"observed": "2025-08-28T19:29:04.000Z", "gateways": "ou/8MG/Xi7gPZ2J6ehC1fyX/dLky+yz3yztqy724ExU=", "temperature": 74.06, "humidity": 64.53, "dewpoint": 61.36, "vpd": 1.01, "altitude": 0, "sensor_id": "500449.7751399281124497"}
{"observed": "2025-08-28T19:28:07.000Z", "gateways": "ou/8MG/Xi7gPZ2J6ehC1fyX/dLky+yz3yztqy724ExU=", "temperature": 74.06, "humidity": 64.56, "dewpoint": 61.4, "vpd": 1.01, "altitude": 0, "sensor_id": "500449.7751399281124497"}
{"observed": "2025-08-28T19:27:08.000Z", "gateways": "ou/8MG/Xi7gPZ2J6ehC1fyX/dLky+yz3yztqy724ExU=", "temperature": 74.04, "humidity": 64.53, "dewpoint": 61.27, "vpd": 1.01, "altitude": 0, "sensor_id": "500449.7751399281124497"}
{"observed": "2025-08-28T19:25:07.000Z", "gateways": "ou/8MG/Xi7gPZ2J6ehC1fyX/dLky+yz3yztqy724ExU=", "temperature": 74.04, "humidity": 64.56, "dewpoint": 61.31, "vpd": 1.01, "altitude": 0, "sensor_id": "500449.7751399281124497"}
{"observed": "2025-08-28T19:24:11.000Z", "gateways": "ou/8MG/Xi7gPZ2J6ehC1fyX/dLky+yz3yztqy724ExU=", "temperature": 74.02, "humidity": 64.56, "dewpoint": 61.31, "vpd": 1.01, "altitude": 0, "sensor_id": "500449.7751399281124497"}
{"observed": "2025-08-28T19:23:25.000Z", "gateways": "ou/8MG/Xi7gPZ2J6ehC1fyX/dLky+yz3yztqy724ExU=", "temperature": 74.02, "humidity": 64.59, "dewpoint": 61.31, "vpd": 1.01, "altitude": 0, "sensor_id": "500449.7751399281124497"}
{"observed": "2025-08-28T19:21:21.000Z", "gateways": "ou/8MG/Xi7gPZ2J6ehC1fyX/dLky+yz3yztqy724ExU=", "temperature": 74.02, "humidity": 64.59, "dewpoint": 61.31, "vpd": 1.01, "altitude": 0, "sensor_id": "500449.7751399281124497"}
{"observed": "2025-08-28T19:29:55.000Z", "gateways": "ou/8MG/Xi7gPZ2J6ehC1fyX/dLky+yz3yztqy724ExU=", "temperature": 72.44, "humidity": 54.15, "dewpoint": 54.91, "vpd": 1.24, "altitude": 0, "sensor_id": "500860.4124109530398747"}
{"observed": "2025-08-28T19:28:18.000Z", "gateways": "ou/8MG/Xi7gPZ2J6ehC1fyX/dLky+yz3yztqy724ExU=", "temperature": 72.42, "humidity": 54.15, "dewpoint": 54.91, "vpd": 1.24, "altitude": 0, "sensor_id": "500860.4124109530398747"}
{"observed": "2025-08-28T19:26:18.000Z", "gateways": "ou/8MG/Xi7gPZ2J6ehC1fyX/dLky+yz3yztqy724ExU=", "temperature": 72.42, "humidity": 54.15, "dewpoint": 54.91, "vpd": 1.24, "altitude": 0, "sensor_id": "500860.4124109530398747"}
{"observed": "2025-08-28T19:21:01.000Z", "gateways": "", "temperature": 72.42, "humidity": 54.15, "dewpoint": 54.91, "vpd": 1.24, "altitude": 0, "sensor_id": "500860.4124109530398747"}
{"observed": "2025-08-28T19:33:33.000Z", "gateways": "ou/8MG/Xi7gPZ2J6ehC1fyX/dLky+yz3yztqy724ExU=", "temperature": 72.42, "humidity": 65.38, "dewpoint": 60.14, "vpd": 0.93, "altitude": 0, "sensor_id": "456982.6540911326193624"}
{"observed": "2025-08-28T19:31:33.000Z", "gateways": "ou/8MG/Xi7gPZ2J6ehC1fyX/dLky+yz3yztqy724ExU=", "temperature": 72.4, "humidity": 65.38, "dewpoint": 60.14, "vpd": 0.93, "altitude": 0, "sensor_id": "456982.6540911326193624"}
{"observed": "2025-08-28T19:30:48.000Z", "gateways": "ou/8MG/Xi7gPZ2J6ehC1fyX/dLky+yz3yztqy724ExU=", "temperature": 72.4, "humidity": 65.32, "dewpoint": 60.1, "vpd": 0.94, "altitude": 0, "sensor_id": "456982.6540911326193624"}
{"observed": "2025-08-28T19:30:09.000Z", "gateways": "", "temperature": 72.4, "humidity": 65.32, "dewpoint": 60.1, "vpd": 0.94, "altitude": 0, "sensor_id": "456982.6540911326193624"}
{"observed": "2025-08-28T19:29:09.000Z", "gateways": "", "temperature": 72.38, "humidity": 65.35, "dewpoint": 60.14, "vpd": 0.93, "altitude": 0, "sensor_id": "456982.6540911326193624"}
{"observed": "2025-08-28T19:28:09.000Z", "gateways": "", "temperature": 72.4, "humidity": 65.35, "dewpoint": 60.14, "vpd": 0.93, "altitude": 0, "sensor_id": "456982.6540911326193624"}
{"observed": "2025-08-28T19:26:09.000Z", "gateways": "", "temperature": 72.38, "humidity": 65.38, "dewpoint": 60.14, "vpd": 0.93, "altitude": 0, "sensor_id": "456982.6540911326193624"}
{"observed": "2025-08-28T19:34:59.000Z", "gateways": "ou/8MG/Xi7gPZ2J6ehC1fyX/dLky+yz3yztqy724ExU=", "temperature": 72.42, "humidity": 54.12, "dewpoint": 54.86, "vpd": 1.24, "altitude": 0, "sensor_id": "500860.4124109530398747"}
{"observed": "2025-08-28T19:32:56.000Z", "gateways": "ou/8MG/Xi7gPZ2J6ehC1fyX/dLky+yz3yztqy724ExU=", "temperature": 72.42, "humidity": 54.12, "dewpoint": 54.86, "vpd": 1.24, "altitude": 0, "sensor_id": "500860.4124109530398747"}
{"observed": "2025-08-28T19:30:55.000Z", "gateways": "ou/8MG/Xi7gPZ2J6ehC1fyX/dLky+yz3yztqy724ExU=", "temperature": 72.42, "humidity": 54.15, "dewpoint": 54.91, "vpd": 1.24, "altitude": 0, "sensor_id": "500860.4124109530398747"}
{"observed": "2025-08-28T19:29:55.000Z", "gateways": "ou/8MG/Xi7gPZ2J6ehC1fyX/dLky+yz3yztqy724ExU=", "temperature": 72.44, "humidity": 54.15, "dewpoint": 54.91, "vpd": 1.24, "altitude": 0, "sensor_id": "500860.4124109530398747"}
{"observed": "2025-08-28T19:28:18.000Z", "gateways": "ou/8MG/Xi7gPZ2J6ehC1fyX/dLky+yz3yztqy724ExU=", "temperature": 72.42, "humidity": 54.15, "dewpoint": 54.91, "vpd": 1.24, "altitude": 0, "sensor_id": "500860.4124109530398747"}
{"observed": "2025-08-28T19:26:18.000Z", "gateways": "ou/8MG/Xi7gPZ2J6ehC1fyX/dLky+yz3yztqy724ExU=", "temperature": 72.42, "humidity": 54.15, "dewpoint": 54.91, "vpd": 1.24, "altitude": 0, "sensor_id": "500860.4124109530398747"}
{"observed": "2025-08-28T19:40:27.000Z", "gateways": "ou/8MG/Xi7gPZ2J6ehC1fyX/dLky+yz3yztqy724ExU=", "temperature": 73.79, "humidity": 61.6, "dewpoint": 59.78, "vpd": 1.09, "altitude": 0, "sensor_id": "448148.686490323532842"}
{"observed": "2025-08-28T19:39:56.000Z", "gateways": "ou/8MG/Xi7gPZ2J6ehC1fyX/dLky+yz3yztqy724ExU=", "temperature": 73.79, "humidity": 61.57, "dewpoint": 59.78, "vpd": 1.09, "altitude": 0, "sensor_id": "448148.686490323532842"}
{"observed": "2025-08-28T19:37:51.000Z", "gateways": "ou/8MG/Xi7gPZ2J6ehC1fyX/dLky+yz3yztqy724ExU=", "temperature": 73.79, "humidity": 61.57, "dewpoint": 59.78, "vpd": 1.09, "altitude": 0, "sensor_id": "448148.686490323532842"}
{"observed": "2025-08-28T19:37:08.000Z", "gateways": "", "temperature": 73.79, "humidity": 61.57, "dewpoint": 59.78, "vpd": 1.09, "altitude": 0, "sensor_id": "448148.686490323532842"}
{"observed": "2025-08-28T19:35:08.000Z", "gateways": "", "temperature": 73.77, "humidity": 61.57, "dewpoint": 59.78, "vpd": 1.09, "altitude": 0, "sensor_id": "448148.686490323532842"}
{"observed": "2025-08-28T19:34:08.000Z", "gateways": "", "temperature": 73.79, "humidity": 61.57, "dewpoint": 59.78, "vpd": 1.09, "altitude": 0, "sensor_id": "448148.686490323532842"}
{"observed": "2025-08-28T19:31:08.000Z", "gateways": "", "temperature": 73.77, "humidity": 61.54, "dewpoint": 59.73, "vpd": 1.09, "altitude": 0, "sensor_id": "448148.686490323532842"}
{"observed": "2025-08-28T19:40:24.000Z", "gateways": "ou/8MG/Xi7gPZ2J6ehC1fyX/dLky+yz3yztqy724ExU=", "temperature": 72.19, "humidity": 62.27, "dewpoint": 58.59, "vpd": 1.01, "altitude": 0, "sensor_id": "455975.5050267550565296"}
{"observed": "2025-08-28T19:38:24.000Z", "gateways": "ou/8MG/Xi7gPZ2J6ehC1fyX/dLky+yz3yztqy724ExU=", "temperature": 72.19, "humidity": 62.27, "dewpoint": 58.59, "vpd": 1.01, "altitude": 0, "sensor_id": "455975.5050267550565296"}
{"observed": "2025-08-28T19:37:24.000Z", "gateways": "ou/8MG/Xi7gPZ2J6ehC1fyX/dLky+yz3yztqy724ExU=", "temperature": 72.17, "humidity": 62.24, "dewpoint": 58.54, "vpd": 1.01, "altitude": 0, "sensor_id": "455975.5050267550565296"}
{"observed": "2025-08-28T19:36:59.000Z", "gateways": "", "temperature": 72.17, "humidity": 62.24, "dewpoint": 58.54, "vpd": 1.01, "altitude": 0, "sensor_id": "455975.5050267550565296"}
{"observed": "2025-08-28T19:34:59.000Z", "gateways": "", "temperature": 72.15, "humidity": 62.24, "dewpoint": 58.54, "vpd": 1.01, "altitude": 0, "sensor_id": "455975.5050267550565296"}
{"observed": "2025-08-28T19:40:27.000Z", "gateways": "ou/8MG/Xi7gPZ2J6ehC1fyX/dLky+yz3yztqy724ExU=", "temperature": 72.44, "humidity": 65.32, "dewpoint": 60.1, "vpd": 0.94, "altitude": 0, "sensor_id": "456982.6540911326193624"}
{"observed": "2025-08-28T19:39:32.000Z", "gateways": "ou/8MG/Xi7gPZ2J6ehC1fyX/dLky+yz3yztqy724ExU=", "temperature": 72.44, "humidity": 65.35, "dewpoint": 60.14, "vpd": 0.93, "altitude": 0, "sensor_id": "456982.6540911326193624"}
{"observed": "2025-08-28T19:38:30.000Z", "gateways": "ou/8MG/Xi7gPZ2J6ehC1fyX/dLky+yz3yztqy724ExU=", "temperature": 72.44, "humidity": 65.38, "dewpoint": 60.14, "vpd": 0.93, "altitude": 0, "sensor_id": "456982.6540911326193624"}
{"observed": "2025-08-28T19:36:58.000Z", "gateways": "ou/8MG/Xi7gPZ2J6ehC1fyX/dLky+yz3yztqy724ExU=", "temperature": 72.42, "humidity": 65.38, "dewpoint": 60.14, "vpd": 0.93, "altitude": 0, "sensor_id": "456982.6540911326193624"}
{"observed": "2025-08-28T19:35:45.000Z", "gateways": "ou/8MG/Xi7gPZ2J6ehC1fyX/dLky+yz3yztqy724ExU=", "temperature": 72.42, "humidity": 65.35, "dewpoint": 60.14, "vpd": 0.93, "altitude": 0, "sensor_id": "456982.6540911326193624"}
{"observed": "2025-08-28T19:33:33.000Z", "gateways": "ou/8MG/Xi7gPZ2J6ehC1fyX/dLky+yz3yztqy724ExU=", "temperature": 72.42, "humidity": 65.38, "dewpoint": 60.14, "vpd": 0.93, "altitude": 0, "sensor_id": "456982.6540911326193624"}
{"observed": "2025-08-28T19:31:33.000Z", "gateways": "ou/8MG/Xi7gPZ2J6ehC1fyX/dLky+yz3yztqy724ExU=", "temperature": 72.4, "humidity": 65.38, "dewpoint": 60.14, "vpd": 0.93, "altitude": 0, "sensor_id": "456982.6540911326193624"}
{"observed": "2025-08-28T19:30:48.000Z", "gateways": "ou/8MG/Xi7gPZ2J6ehC1fyX/dLky+yz3yztqy724ExU=", "temperature": 72.4, "humidity": 65.32, "dewpoint": 60.1, "vpd": 0.94, "altitude": 0, "sensor_id": "456982.6540911326193624"}
{"observed": "2025-08-28T19:39:35.000Z", "gateways": "ou/8MG/Xi7gPZ2J6ehC1fyX/dLky+yz3yztqy724ExU=", "temperature": 73.33, "humidity": 61.93, "dewpoint": 59.45, "vpd": 1.06, "altitude": 0, "sensor_id": "500914.8315623388163058"}
{"observed": "2025-08-28T19:37:51.000Z", "gateways": "ou/8MG/Xi7gPZ2J6ehC1fyX/dLky+yz3yztqy724ExU=", "temperature": 73.33, "humidity": 61.9, "dewpoint": 59.45, "vpd": 1.06, "altitude": 0, "sensor_id": "500914.8315623388163058"}
{"observed": "2025-08-28T19:36:59.000Z", "gateways": "ou/8MG/Xi7gPZ2J6ehC1fyX/dLky+yz3yztqy724ExU=", "temperature": 73.33, "humidity": 61.87, "dewpoint": 59.45, "vpd": 1.06, "altitude": 0, "sensor_id": "500914.8315623388163058"}
{"observed": "2025-08-28T19:36:49.000Z", "gateways": "", "temperature": 73.33, "humidity": 61.87, "dewpoint": 59.45, "vpd": 1.06, "altitude": 0, "sensor_id": "500914.8315623388163058"}
{"observed": "2025-08-28T19:35:49.000Z", "gateways": "", "temperature": 73.33, "humidity": 61.84, "dewpoint": 59.4, "vpd": 1.06, "altitude": 0, "sensor_id": "500914.8315623388163058"}
{"observed": "2025-08-28T19:34:49.000Z", "gateways": "", "temperature": 73.33, "humidity": 61.9, "dewpoint": 59.45, "vpd": 1.06, "altitude": 0, "sensor_id": "500914.8315623388163058"}
{"observed": "2025-08-28T19:33:49.000Z", "gateways": "", "temperature": 73.33, "humidity": 61.84, "dewpoint": 59.4, "vpd": 1.06, "altitude": 0, "sensor_id": "500914.8315623388163058"}
{"observed": "2025-08-28T19:32:49.000Z", "gateways": "", "temperature": 73.31, "humidity": 61.87, "dewpoint": 59.45, "vpd": 1.06, "altitude": 0, "sensor_id": "500914.8315623388163058"}
{"observed": "2025-08-28T19:31:49.000Z", "gateways": "", "temperature": 73.33, "humidity": 61.78, "dewpoint": 59.4, "vpd": 1.06, "altitude": 0, "sensor_id": "500914.8315623388163058"}
{"observed": "2025-08-28T19:30:49.000Z", "gateways": "", "temperature": 73.31, "humidity": 61.84, "dewpoint": 59.4, "vpd": 1.06, "altitude": 0, "sensor_id": "500914.8315623388163058"}
{"observed": "2025-08-28T19:45:32.000Z", "gateways": "ou/8MG/Xi7gPZ2J6ehC1fyX/dLky+yz3yztqy724ExU=", "temperature": 73.79, "humidity": 61.69, "dewpoint": 59.83, "vpd": 1.08, "altitude": 0, "sensor_id": "448148.686490323532842"}
{"observed": "2025-08-28T19:44:26.000Z", "gateways": "ou/8MG/Xi7gPZ2J6ehC1fyX/dLky+yz3yztqy724ExU=", "temperature": 73.79, "humidity": 61.63, "dewpoint": 59.78, "vpd": 1.09, "altitude": 0, "sensor_id": "448148.686490323532842"}
{"observed": "2025-08-28T19:42:20.000Z", "gateways": "ou/8MG/Xi7gPZ2J6ehC1fyX/dLky+yz3yztqy724ExU=", "temperature": 73.79, "humidity": 61.63, "dewpoint": 59.78, "vpd": 1.09, "altitude": 0, "sensor_id": "448148.686490323532842"}
{"observed": "2025-08-28T19:40:27.000Z", "gateways": "ou/8MG/Xi7gPZ2J6ehC1fyX/dLky+yz3yztqy724ExU=", "temperature": 73.79, "humidity": 61.6, "dewpoint": 59.78, "vpd": 1.09, "altitude": 0, "sensor_id": "448148.686490323532842"}
{"observed": "2025-08-28T19:39:56.000Z", "gateways": "ou/8MG/Xi7gPZ2J6ehC1fyX/dLky+yz3yztqy724ExU=", "temperature": 73.79, "humidity": 61.57, "dewpoint": 59.78, "vpd": 1.09, "altitude": 0, "sensor_id": "448148.686490323532842"}
{"observed": "2025-08-28T19:37:51.000Z", "gateways": "ou/8MG/Xi7gPZ2J6ehC1fyX/dLky+yz3yztqy724ExU=", "temperature": 73.79, "humidity": 61.57, "dewpoint": 59.78, "vpd": 1.09, "altitude": 0, "sensor_id": "448148.686490323532842"}
{"observed": "2025-08-28T19:37:08.000Z", "gateways": "", "temperature": 73.79, "humidity": 61.57, "dewpoint": 59.78, "vpd": 1.09, "altitude": 0, "sensor_id": "448148.686490323532842"}
{"observed": "2025-08-28T19:45:28.000Z", "gateways": "ou/8MG/Xi7gPZ2J6ehC1fyX/dLky+yz3yztqy724ExU=", "temperature": 72.21, "humidity": 62.27, "dewpoint": 58.59, "vpd": 1.01, "altitude": 0, "sensor_id": "455975.5050267550565296"}
{"observed": "2025-08-28T19:43:25.000Z", "gateways": "ou/8MG/Xi7gPZ2J6ehC1fyX/dLky+yz3yztqy724ExU=", "temperature": 72.21, "humidity": 62.27, "dewpoint": 58.59, "vpd": 1.01, "altitude": 0, "sensor_id": "455975.5050267550565296"}
{"observed": "2025-08-28T19:42:25.000Z", "gateways": "ou/8MG/Xi7gPZ2J6ehC1fyX/dLky+yz3yztqy724ExU=", "temperature": 72.19, "humidity": 62.27, "dewpoint": 58.59, "vpd": 1.01, "altitude": 0, "sensor_id": "455975.5050267550565296"}
{"observed": "2025-08-28T19:40:24.000Z", "gateways": "ou/8MG/Xi7gPZ2J6ehC1fyX/dLky+yz3yztqy724ExU=", "temperature": 72.19, "humidity": 62.27, "dewpoint": 58.59, "vpd": 1.01, "altitude": 0, "sensor_id": "455975.5050267550565296"}
{"observed": "2025-08-28T19:38:24.000Z", "gateways": "ou/8MG/Xi7gPZ2J6ehC1fyX/dLky+yz3yztqy724ExU=", "temperature": 72.19, "humidity": 62.27, "dewpoint": 58.59, "vpd": 1.01, "altitude": 0, "sensor_id": "455975.5050267550565296"}
{"observed": "2025-08-28T19:37:24.000Z", "gateways": "ou/8MG/Xi7gPZ2J6ehC1fyX/dLky+yz3yztqy724ExU=", "temperature": 72.17, "humidity": 62.24, "dewpoint": 58.54, "vpd": 1.01, "altitude": 0, "sensor_id": "455975.5050267550565296"}
{"observed": "2025-08-28T19:36:59.000Z", "gateways": "", "temperature": 72.17, "humidity": 62.24, "dewpoint": 58.54, "vpd": 1.01, "altitude": 0, "sensor_id": "455975.5050267550565296"}
{"observed": "2025-08-28T19:45:35.000Z", "gateways": "ou/8MG/Xi7gPZ2J6ehC1fyX/dLky+yz3yztqy724ExU=", "temperature": 73.33, "humidity": 62.02, "dewpoint": 59.49, "vpd": 1.06, "altitude": 0, "sensor_id": "500914.8315623388163058"}
{"observed": "2025-08-28T19:44:35.000Z", "gateways": "ou/8MG/Xi7gPZ2J6ehC1fyX/dLky+yz3yztqy724ExU=", "temperature": 73.31, "humidity": 62.02, "dewpoint": 59.49, "vpd": 1.06, "altitude": 0, "sensor_id": "500914.8315623388163058"}
{"observed": "2025-08-28T19:43:37.000Z", "gateways": "ou/8MG/Xi7gPZ2J6ehC1fyX/dLky+yz3yztqy724ExU=", "temperature": 73.33, "humidity": 61.99, "dewpoint": 59.49, "vpd": 1.06, "altitude": 0, "sensor_id": "500914.8315623388163058"}
{"observed": "2025-08-28T19:41:35.000Z", "gateways": "ou/8MG/Xi7gPZ2J6ehC1fyX/dLky+yz3yztqy724ExU=", "temperature": 73.33, "humidity": 61.99, "dewpoint": 59.49, "vpd": 1.06, "altitude": 0, "sensor_id": "500914.8315623388163058"}
{"observed": "2025-08-28T19:40:38.000Z", "gateways": "ou/8MG/Xi7gPZ2J6ehC1fyX/dLky+yz3yztqy724ExU=", "temperature": 73.33, "humidity": 61.96, "dewpoint": 59.49, "vpd": 1.06, "altitude": 0, "sensor_id": "500914.8315623388163058"}
{"observed": "2025-08-28T19:39:35.000Z", "gateways": "ou/8MG/Xi7gPZ2J6ehC1fyX/dLky+yz3yztqy724ExU=", "temperature": 73.33, "humidity": 61.93, "dewpoint": 59.45, "vpd": 1.06, "altitude": 0, "sensor_id": "500914.8315623388163058"}
{"observed": "2025-08-28T19:37:51.000Z", "gateways": "ou/8MG/Xi7gPZ2J6ehC1fyX/dLky+yz3yztqy724ExU=", "temperature": 73.33, "humidity": 61.9, "dewpoint": 59.45, "vpd": 1.06, "altitude": 0, "sensor_id": "500914.8315623388163058"}
{"observed": "2025-08-28T19:36:59.000Z", "gateways": "ou/8MG/Xi7gPZ2J6ehC1fyX/dLky+yz3yztqy724ExU=", "temperature": 73.33, "humidity": 61.87, "dewpoint": 59.45, "vpd": 1.06, "altitude": 0, "sensor_id": "500914.8315623388163058"}
{"observed": "2025-08-28T19:36:49.000Z", "gateways": "", "temperature": 73.33, "humidity": 61.87, "dewpoint": 59.45, "vpd": 1.06, "altitude": 0, "sensor_id": "500914.8315623388163058"}
{"observed": "2025-08-28T19:35:49.000Z", "gateways": "", "temperature": 73.33, "humidity": 61.84, "dewpoint": 59.4, "vpd": 1.06, "altitude": 0, "sensor_id": "500914.8315623388163058"}
{"observed": "2025-08-28T19:53:36.000Z", "gateways": "ou/8MG/Xi7gPZ2J6ehC1fyX/dLky+yz3yztqy724ExU=", "temperature": 72.56, "humidity": 63.18, "dewpoint": 59.37, "vpd": 1, "altitude": 0, "sensor_id": "455894.5632779415058732"}
{"observed": "2025-08-28T19:51:49.000Z", "gateways": "ou/8MG/Xi7gPZ2J6ehC1fyX/dLky+yz3yztqy724ExU=", "temperature": 72.56, "humidity": 63.21, "dewpoint": 59.37, "vpd": 1, "altitude": 0, "sensor_id": "455894.5632779415058732"}
{"observed": "2025-08-28T19:50:45.000Z", "gateways": "ou/8MG/Xi7gPZ2J6ehC1fyX/dLky+yz3yztqy724ExU=", "temperature": 72.54, "humidity": 63.21, "dewpoint": 59.27, "vpd": 1, "altitude": 0, "sensor_id": "455894.5632779415058732"}
{"observed": "2025-08-28T19:49:26.000Z", "gateways": "", "temperature": 72.54, "humidity": 63.21, "dewpoint": 59.27, "vpd": 1, "altitude": 0, "sensor_id": "455894.5632779415058732"}
{"observed": "2025-08-28T19:54:55.000Z", "gateways": "ou/8MG/Xi7gPZ2J6ehC1fyX/dLky+yz3yztqy724ExU=", "temperature": 72.44, "humidity": 54.09, "dewpoint": 54.86, "vpd": 1.24, "altitude": 0, "sensor_id": "500860.4124109530398747"}
{"observed": "2025-08-28T19:54:00.000Z", "gateways": "ou/8MG/Xi7gPZ2J6ehC1fyX/dLky+yz3yztqy724ExU=", "temperature": 72.46, "humidity": 54.09, "dewpoint": 54.96, "vpd": 1.24, "altitude": 0, "sensor_id": "500860.4124109530398747"}
{"observed": "2025-08-28T19:52:01.000Z", "gateways": "", "temperature": 72.44, "humidity": 54.09, "dewpoint": 54.86, "vpd": 1.24, "altitude": 0, "sensor_id": "500860.4124109530398747"}
{"observed": "2025-08-28T19:51:56.000Z", "gateways": "ou/8MG/Xi7gPZ2J6ehC1fyX/dLky+yz3yztqy724ExU=", "temperature": 72.46, "humidity": 54.09, "dewpoint": 54.96, "vpd": 1.24, "altitude": 0, "sensor_id": "500860.4124109530398747"}
{"observed": "2025-08-28T19:51:48.000Z", "gateways": "ou/8MG/Xi7gPZ2J6ehC1fyX/dLky+yz3yztqy724ExU=", "temperature": 72.44, "humidity": 54.09, "dewpoint": 54.86, "vpd": 1.24, "altitude": 0, "sensor_id": "500860.4124109530398747"}
{"observed": "2025-08-28T19:51:01.000Z", "gateways": "", "temperature": 72.46, "humidity": 54.09, "dewpoint": 54.96, "vpd": 1.24, "altitude": 0, "sensor_id": "500860.4124109530398747"}
{"observed": "2025-08-28T19:54:34.000Z", "gateways": "ou/8MG/Xi7gPZ2J6ehC1fyX/dLky+yz3yztqy724ExU=", "temperature": 72.67, "humidity": 66.91, "dewpoint": 61.06, "vpd": 0.9, "altitude": 0, "sensor_id": "506624.7981350299718768"}
{"observed": "2025-08-28T19:53:51.000Z", "gateways": "ou/8MG/Xi7gPZ2J6ehC1fyX/dLky+yz3yztqy724ExU=", "temperature": 72.65, "humidity": 66.91, "dewpoint": 61.06, "vpd": 0.9, "altitude": 0, "sensor_id": "506624.7981350299718768"}
{"observed": "2025-08-28T19:51:44.000Z", "gateways": "", "temperature": 72.65, "humidity": 66.91, "dewpoint": 61.06, "vpd": 0.9, "altitude": 0, "sensor_id": "506624.7981350299718768"}
{"observed": "2025-08-28T19:51:22.000Z", "gateways": "ou/8MG/Xi7gPZ2J6ehC1fyX/dLky+yz3yztqy724ExU=", "temperature": 72.65, "humidity": 66.91, "dewpoint": 61.06, "vpd": 0.9, "altitude": 0, "sensor_id": "506624.7981350299718768"}
{"observed": "2025-08-28T19:50:44.000Z", "gateways": "", "temperature": 72.63, "humidity": 66.88, "dewpoint": 60.97, "vpd": 0.9, "altitude": 0, "sensor_id": "506624.7981350299718768"}
{"observed": "2025-08-28T19:49:44.000Z", "gateways": "", "temperature": 72.65, "humidity": 66.85, "dewpoint": 61.06, "vpd": 0.9, "altitude": 0, "sensor_id": "506624.7981350299718768"}
{"observed": "2025-08-28T19:48:44.000Z", "gateways": "", "temperature": 72.63, "humidity": 66.81, "dewpoint": 60.93, "vpd": 0.9, "altitude": 0, "sensor_id": "506624.7981350299718768"}
{"observed": "2025-08-28T19:47:44.000Z", "gateways": "", "temperature": 72.65, "humidity": 66.85, "dewpoint": 61.06, "vpd": 0.9, "altitude": 0, "sensor_id": "506624.7981350299718768"}
{"observed": "2025-08-28T19:46:44.000Z", "gateways": "", "temperature": 72.63, "humidity": 66.85, "dewpoint": 60.97, "vpd": 0.9, "altitude": 0, "sensor_id": "506624.7981350299718768"}
{"observed": "2025-08-28T19:45:44.000Z", "gateways": "", "temperature": 72.63, "humidity": 66.88, "dewpoint": 60.97, "vpd": 0.9, "altitude": 0, "sensor_id": "506624.7981350299718768"}
{"observed": "2025-08-28T21:06:49.000Z", "gateways": "ou/8MG/Xi7gPZ2J6ehC1fyX/dLky+yz3yztqy724ExU=", "temperature": 72.57, "humidity": 65.47, "dewpoint": 60.37, "vpd": 0.94, "altitude": 0, "sensor_id": "456982.6540911326193624"}
{"observed": "2025-08-28T21:01:09.000Z", "gateways": "", "temperature": 72.57, "humidity": 65.47, "dewpoint": 60.37, "vpd": 0.94, "altitude": 0, "sensor_id": "456982.6540911326193624"}
{"observed": "2025-08-28T21:00:09.000Z", "gateways": "", "temperature": 72.56, "humidity": 65.44, "dewpoint": 60.33, "vpd": 0.94, "altitude": 0, "sensor_id": "456982.6540911326193624"}
{"observed": "2025-08-28T20:58:09.000Z", "gateways": "", "temperature": 72.57, "humidity": 65.47, "dewpoint": 60.37, "vpd": 0.94, "altitude": 0, "sensor_id": "456982.6540911326193624"}
{"observed": "2025-08-28T20:57:09.000Z", "gateways": "", "temperature": 72.56, "humidity": 65.44, "dewpoint": 60.33, "vpd": 0.94, "altitude": 0, "sensor_id": "456982.6540911326193624"}
{"observed": "2025-08-28T21:06:42.000Z", "gateways": "ou/8MG/Xi7gPZ2J6ehC1fyX/dLky+yz3yztqy724ExU=", "temperature": 73.42, "humidity": 62.88, "dewpoint": 59.99, "vpd": 1.04, "altitude": 0, "sensor_id": "457328.3276496711475517"}
{"observed": "2025-08-28T21:05:44.000Z", "gateways": "ou/8MG/Xi7gPZ2J6ehC1fyX/dLky+yz3yztqy724ExU=", "temperature": 73.42, "humidity": 62.82, "dewpoint": 59.95, "vpd": 1.04, "altitude": 0, "sensor_id": "457328.3276496711475517"}
{"observed": "2025-08-28T21:04:47.000Z", "gateways": "ou/8MG/Xi7gPZ2J6ehC1fyX/dLky+yz3yztqy724ExU=", "temperature": 73.42, "humidity": 62.79, "dewpoint": 59.95, "vpd": 1.04, "altitude": 0, "sensor_id": "457328.3276496711475517"}
{"observed": "2025-08-28T21:02:53.000Z", "gateways": "ou/8MG/Xi7gPZ2J6ehC1fyX/dLky+yz3yztqy724ExU=", "temperature": 73.44, "humidity": 62.79, "dewpoint": 59.95, "vpd": 1.04, "altitude": 0, "sensor_id": "457328.3276496711475517"}
{"observed": "2025-08-28T21:01:42.000Z", "gateways": "ou/8MG/Xi7gPZ2J6ehC1fyX/dLky+yz3yztqy724ExU=", "temperature": 73.44, "humidity": 62.73, "dewpoint": 59.9, "vpd": 1.04, "altitude": 0, "sensor_id": "457328.3276496711475517"}
{"observed": "2025-08-28T21:00:47.000Z", "gateways": "ou/8MG/Xi7gPZ2J6ehC1fyX/dLky+yz3yztqy724ExU=", "temperature": 73.46, "humidity": 62.7, "dewpoint": 59.99, "vpd": 1.05, "altitude": 0, "sensor_id": "457328.3276496711475517"}
{"observed": "2025-08-28T21:00:25.000Z", "gateways": "", "temperature": 73.46, "humidity": 62.54, "dewpoint": 59.91, "vpd": 1.05, "altitude": 0, "sensor_id": "457328.3276496711475517"}
{"observed": "2025-08-28T20:59:48.000Z", "gateways": "ou/8MG/Xi7gPZ2J6ehC1fyX/dLky+yz3yztqy724ExU=", "temperature": 73.46, "humidity": 62.66, "dewpoint": 59.99, "vpd": 1.05, "altitude": 0, "sensor_id": "457328.3276496711475517"}
{"observed": "2025-08-28T20:59:25.000Z", "gateways": "", "temperature": 73.46, "humidity": 62.6, "dewpoint": 59.95, "vpd": 1.05, "altitude": 0, "sensor_id": "457328.3276496711475517"}
{"observed": "2025-08-28T20:58:25.000Z", "gateways": "", "temperature": 73.46, "humidity": 62.42, "dewpoint": 59.86, "vpd": 1.05, "altitude": 0, "sensor_id": "457328.3276496711475517"}
{"observed": "2025-08-28T20:57:25.000Z", "gateways": "", "temperature": 73.48, "humidity": 62.54, "dewpoint": 59.91, "vpd": 1.05, "altitude": 0, "sensor_id": "457328.3276496711475517"}
{"observed": "2025-08-28T21:05:49.000Z", "gateways": "", "temperature": 73.31, "humidity": 62.6, "dewpoint": 59.76, "vpd": 1.04, "altitude": 0, "sensor_id": "500914.8315623388163058"}
{"observed": "2025-08-28T21:05:43.000Z", "gateways": "ou/8MG/Xi7gPZ2J6ehC1fyX/dLky+yz3yztqy724ExU=", "temperature": 73.31, "humidity": 62.57, "dewpoint": 59.76, "vpd": 1.04, "altitude": 0, "sensor_id": "500914.8315623388163058"}
{"observed": "2025-08-28T21:05:29.000Z", "gateways": "ou/8MG/Xi7gPZ2J6ehC1fyX/dLky+yz3yztqy724ExU=", "temperature": 73.31, "humidity": 62.6, "dewpoint": 59.76, "vpd": 1.04, "altitude": 0, "sensor_id": "500914.8315623388163058"}
{"observed": "2025-08-28T21:03:49.000Z", "gateways": "", "temperature": 73.31, "humidity": 62.57, "dewpoint": 59.76, "vpd": 1.04, "altitude": 0, "sensor_id": "500914.8315623388163058"}
{"observed": "2025-08-28T20:59:49.000Z", "gateways": "", "temperature": 73.31, "humidity": 62.54, "dewpoint": 59.72, "vpd": 1.04, "altitude": 0, "sensor_id": "500914.8315623388163058"}
{"observed": "2025-08-28T20:58:49.000Z", "gateways": "", "temperature": 73.29, "humidity": 62.54, "dewpoint": 59.72, "vpd": 1.04, "altitude": 0, "sensor_id": "500914.8315623388163058"}
{"observed": "2025-08-28T20:57:49.000Z", "gateways": "", "temperature": 73.31, "humidity": 62.54, "dewpoint": 59.72, "vpd": 1.04, "altitude": 0, "sensor_id": "500914.8315623388163058"}
